Archive member included because of file (symbol)

c:/program files (x86)/atmel/atmel toolchain/avr8 gcc/native/3.4.1061/avr8-gnu-toolchain/bin/../lib/gcc/avr/4.8.1/../../../../avr/lib/avrxmega7\libm.a(divsf3.o)
                              src/V2X/Power Sequence/powerSeq.o (__divsf3)
c:/program files (x86)/atmel/atmel toolchain/avr8 gcc/native/3.4.1061/avr8-gnu-toolchain/bin/../lib/gcc/avr/4.8.1/../../../../avr/lib/avrxmega7\libm.a(divsf3x.o)
                              c:/program files (x86)/atmel/atmel toolchain/avr8 gcc/native/3.4.1061/avr8-gnu-toolchain/bin/../lib/gcc/avr/4.8.1/../../../../avr/lib/avrxmega7\libm.a(divsf3.o) (__divsf3x)
c:/program files (x86)/atmel/atmel toolchain/avr8 gcc/native/3.4.1061/avr8-gnu-toolchain/bin/../lib/gcc/avr/4.8.1/../../../../avr/lib/avrxmega7\libm.a(fixsfdi.o)
                              src/V2X/Power Sequence/powerSeq.o (__fixunssfdi)
c:/program files (x86)/atmel/atmel toolchain/avr8 gcc/native/3.4.1061/avr8-gnu-toolchain/bin/../lib/gcc/avr/4.8.1/../../../../avr/lib/avrxmega7\libm.a(floatundisf.o)
                              src/V2X/Power Sequence/powerSeq.o (__floatundisf)
c:/program files (x86)/atmel/atmel toolchain/avr8 gcc/native/3.4.1061/avr8-gnu-toolchain/bin/../lib/gcc/avr/4.8.1/../../../../avr/lib/avrxmega7\libm.a(fp_inf.o)
                              c:/program files (x86)/atmel/atmel toolchain/avr8 gcc/native/3.4.1061/avr8-gnu-toolchain/bin/../lib/gcc/avr/4.8.1/../../../../avr/lib/avrxmega7\libm.a(divsf3x.o) (__fp_inf)
c:/program files (x86)/atmel/atmel toolchain/avr8 gcc/native/3.4.1061/avr8-gnu-toolchain/bin/../lib/gcc/avr/4.8.1/../../../../avr/lib/avrxmega7\libm.a(fp_nan.o)
                              c:/program files (x86)/atmel/atmel toolchain/avr8 gcc/native/3.4.1061/avr8-gnu-toolchain/bin/../lib/gcc/avr/4.8.1/../../../../avr/lib/avrxmega7\libm.a(divsf3x.o) (__fp_nan)
c:/program files (x86)/atmel/atmel toolchain/avr8 gcc/native/3.4.1061/avr8-gnu-toolchain/bin/../lib/gcc/avr/4.8.1/../../../../avr/lib/avrxmega7\libm.a(fp_negdi.o)
                              c:/program files (x86)/atmel/atmel toolchain/avr8 gcc/native/3.4.1061/avr8-gnu-toolchain/bin/../lib/gcc/avr/4.8.1/../../../../avr/lib/avrxmega7\libm.a(fixsfdi.o) (__fp_negdi)
c:/program files (x86)/atmel/atmel toolchain/avr8 gcc/native/3.4.1061/avr8-gnu-toolchain/bin/../lib/gcc/avr/4.8.1/../../../../avr/lib/avrxmega7\libm.a(fp_pscA.o)
                              c:/program files (x86)/atmel/atmel toolchain/avr8 gcc/native/3.4.1061/avr8-gnu-toolchain/bin/../lib/gcc/avr/4.8.1/../../../../avr/lib/avrxmega7\libm.a(divsf3x.o) (__fp_pscA)
c:/program files (x86)/atmel/atmel toolchain/avr8 gcc/native/3.4.1061/avr8-gnu-toolchain/bin/../lib/gcc/avr/4.8.1/../../../../avr/lib/avrxmega7\libm.a(fp_pscB.o)
                              c:/program files (x86)/atmel/atmel toolchain/avr8 gcc/native/3.4.1061/avr8-gnu-toolchain/bin/../lib/gcc/avr/4.8.1/../../../../avr/lib/avrxmega7\libm.a(divsf3x.o) (__fp_pscB)
c:/program files (x86)/atmel/atmel toolchain/avr8 gcc/native/3.4.1061/avr8-gnu-toolchain/bin/../lib/gcc/avr/4.8.1/../../../../avr/lib/avrxmega7\libm.a(fp_round.o)
                              c:/program files (x86)/atmel/atmel toolchain/avr8 gcc/native/3.4.1061/avr8-gnu-toolchain/bin/../lib/gcc/avr/4.8.1/../../../../avr/lib/avrxmega7\libm.a(divsf3.o) (__fp_round)
c:/program files (x86)/atmel/atmel toolchain/avr8 gcc/native/3.4.1061/avr8-gnu-toolchain/bin/../lib/gcc/avr/4.8.1/../../../../avr/lib/avrxmega7\libm.a(fp_split3.o)
                              c:/program files (x86)/atmel/atmel toolchain/avr8 gcc/native/3.4.1061/avr8-gnu-toolchain/bin/../lib/gcc/avr/4.8.1/../../../../avr/lib/avrxmega7\libm.a(divsf3x.o) (__fp_split3)
c:/program files (x86)/atmel/atmel toolchain/avr8 gcc/native/3.4.1061/avr8-gnu-toolchain/bin/../lib/gcc/avr/4.8.1/../../../../avr/lib/avrxmega7\libm.a(fp_zero.o)
                              c:/program files (x86)/atmel/atmel toolchain/avr8 gcc/native/3.4.1061/avr8-gnu-toolchain/bin/../lib/gcc/avr/4.8.1/../../../../avr/lib/avrxmega7\libm.a(divsf3x.o) (__fp_szero)
c:/program files (x86)/atmel/atmel toolchain/avr8 gcc/native/3.4.1061/avr8-gnu-toolchain/bin/../lib/gcc/avr/4.8.1/avrxmega7\libgcc.a(_divmodhi4.o)
                              src/V2X/Real Time Clock/dateToEpoch.o (__divmodhi4)
c:/program files (x86)/atmel/atmel toolchain/avr8 gcc/native/3.4.1061/avr8-gnu-toolchain/bin/../lib/gcc/avr/4.8.1/avrxmega7\libgcc.a(_udivmodsi4.o)
                              src/ASF/xmega/drivers/spi/spi.o (__udivmodsi4)
c:/program files (x86)/atmel/atmel toolchain/avr8 gcc/native/3.4.1061/avr8-gnu-toolchain/bin/../lib/gcc/avr/4.8.1/avrxmega7\libgcc.a(_exit.o)
                              c:/program files (x86)/atmel/atmel toolchain/avr8 gcc/native/3.4.1061/avr8-gnu-toolchain/bin/../lib/gcc/avr/4.8.1/../../../../avr/lib/avrxmega7/crtx128a1u.o (exit)
[...]
Memory Configuration

Name             Origin             Length             Attributes
text             0x00000000         0x00100000         xr
data             0x00802000         0x0000ffa0         rw !x
eeprom           0x00810000         0x00010000         rw !x
fuse             0x00820000         0x00000400         rw !x
lock             0x00830000         0x00000400         rw !x
signature        0x00840000         0x00000400         rw !x
user_signatures  0x00850000         0x00000400         rw !x
*default*        0x00000000         0xffffffff

Linker script and memory map

LOAD c:/program files (x86)/atmel/atmel toolchain/avr8 gcc/native/3.4.1061/avr8-gnu-toolchain/bin/../lib/gcc/avr/4.8.1/../../../../avr/lib/avrxmega7/crtx128a1u.o
LOAD src/ASF/common/services/sleepmgr/xmega/sleepmgr.o
LOAD src/ASF/xmega/drivers/rtc/rtc.o
LOAD src/V2X/Power Sequence/powerSeq.o
LOAD src/V2X/Real Time Clock/dateToEpoch.o
LOAD src/V2X/Real Time Clock/parseISO.o
LOAD src/V2X/Real Time Clock/vrtc.o
LOAD src/ASF/common/components/display/ssd1306/font.o
LOAD src/ASF/common/components/display/ssd1306/ssd1306.o
LOAD src/ASF/common/services/clock/xmega/sysclk.o
LOAD src/ASF/common/services/ioport/xmega/ioport_compat.o
LOAD src/ASF/common/services/spi/xmega_spi/spi_master.o
LOAD src/ASF/xmega/boards/xmega_a1u_xplained_pro/board_init.o
LOAD src/ASF/xmega/drivers/cpu/ccp.o
LOAD src/ASF/xmega/drivers/nvm/nvm.o
LOAD src/ASF/xmega/drivers/nvm/nvm_asm.o
LOAD src/ASF/xmega/drivers/spi/spi.o
LOAD src/main.o
START GROUP
LOAD c:/program files (x86)/atmel/atmel toolchain/avr8 gcc/native/3.4.1061/avr8-gnu-toolchain/bin/../lib/gcc/avr/4.8.1/../../../../avr/lib/avrxmega7\libm.a
END GROUP
Address of section .BOOT set to 0x20000
START GROUP
LOAD c:/program files (x86)/atmel/atmel toolchain/avr8 gcc/native/3.4.1061/avr8-gnu-toolchain/bin/../lib/gcc/avr/4.8.1/avrxmega7\libgcc.a
LOAD c:/program files (x86)/atmel/atmel toolchain/avr8 gcc/native/3.4.1061/avr8-gnu-toolchain/bin/../lib/gcc/avr/4.8.1/../../../../avr/lib/avrxmega7\libm.a
LOAD c:/program files (x86)/atmel/atmel toolchain/avr8 gcc/native/3.4.1061/avr8-gnu-toolchain/bin/../lib/gcc/avr/4.8.1/../../../../avr/lib/avrxmega7\libc.a
END GROUP

.hash
 *(.hash)

.dynsym
 *(.dynsym)

.dynstr
 *(.dynstr)

.gnu.version
 *(.gnu.version)

.gnu.version_d
 *(.gnu.version_d)

.gnu.version_r
 *(.gnu.version_r)

.rel.init
 *(.rel.init)

.rela.init
 *(.rela.init)

.rel.text
 *(.rel.text)
 *(.rel.text.*)
 *(.rel.gnu.linkonce.t*)

.rela.text
 *(.rela.text)
 *(.rela.text.*)
 *(.rela.gnu.linkonce.t*)

.rel.fini
 *(.rel.fini)

.rela.fini
 *(.rela.fini)

.rel.rodata
 *(.rel.rodata)
 *(.rel.rodata.*)
 *(.rel.gnu.linkonce.r*)

.rela.rodata
 *(.rela.rodata)
 *(.rela.rodata.*)
 *(.rela.gnu.linkonce.r*)

.rel.data
 *(.rel.data)
 *(.rel.data.*)
 *(.rel.gnu.linkonce.d*)

.rela.data
 *(.rela.data)
 *(.rela.data.*)
 *(.rela.gnu.linkonce.d*)

.rel.ctors
 *(.rel.ctors)

.rela.ctors
 *(.rela.ctors)

.rel.dtors
 *(.rel.dtors)

.rela.dtors
 *(.rela.dtors)

.rel.got
 *(.rel.got)

.rela.got
 *(.rela.got)

.rel.bss
 *(.rel.bss)

.rela.bss
 *(.rela.bss)

.rel.plt
 *(.rel.plt)

.rela.plt
 *(.rela.plt)

.text           0x00000000      0x94a
 *(.vectors)
 .vectors       0x00000000      0x1fc c:/program files (x86)/atmel/atmel toolchain/avr8 gcc/native/3.4.1061/avr8-gnu-toolchain/bin/../lib/gcc/avr/4.8.1/../../../../avr/lib/avrxmega7/crtx128a1u.o
                0x00000000                __vector_default
                0x00000000                __vectors
 *(.vectors)
 *(.progmem.gcc*)
                0x000001fc                . = ALIGN (0x2)
                0x000001fc                __trampolines_start = .
 *(.trampolines)
 .trampolines   0x000001fc        0x0 linker stubs
 *(.trampolines*)
                0x000001fc                __trampolines_end = .
 *(.progmem*)
                0x000001fc                . = ALIGN (0x2)
 *(.jumptables)
 *(.jumptables*)
 *(.lowtext)
 *(.lowtext*)
                0x000001fc                __ctors_start = .
 *(.ctors)
                0x000001fc                __ctors_end = .
                0x000001fc                __dtors_start = .
 *(.dtors)
                0x000001fc                __dtors_end = .
 SORT(*)(.ctors)
 SORT(*)(.dtors)
 *(.init0)
 .init0         0x000001fc        0x0 c:/program files (x86)/atmel/atmel toolchain/avr8 gcc/native/3.4.1061/avr8-gnu-toolchain/bin/../lib/gcc/avr/4.8.1/../../../../avr/lib/avrxmega7/crtx128a1u.o
                0x000001fc                __init
 *(.init0)
 *(.init1)
 *(.init1)
 *(.init2)
 .init2         0x000001fc       0x18 c:/program files (x86)/atmel/atmel toolchain/avr8 gcc/native/3.4.1061/avr8-gnu-toolchain/bin/../lib/gcc/avr/4.8.1/../../../../avr/lib/avrxmega7/crtx128a1u.o
 *(.init2)
 *(.init3)
 *(.init3)
 *(.init4)
 .init4         0x00000214       0x1c c:/program files (x86)/atmel/atmel toolchain/avr8 gcc/native/3.4.1061/avr8-gnu-toolchain/bin/../lib/gcc/avr/4.8.1/avrxmega7\libgcc.a(_copy_data.o)
                0x00000214                __do_copy_data
 .init4         0x00000230       0x10 c:/program files (x86)/atmel/atmel toolchain/avr8 gcc/native/3.4.1061/avr8-gnu-toolchain/bin/../lib/gcc/avr/4.8.1/avrxmega7\libgcc.a(_clear_bss.o)
                0x00000230                __do_clear_bss
 *(.init4)
 *(.init5)
 *(.init5)
 *(.init6)
 *(.init6)
 *(.init7)
 *(.init7)
 *(.init8)
 *(.init8)
 *(.init9)
 .init9         0x00000240        0x4 c:/program files (x86)/atmel/atmel toolchain/avr8 gcc/native/3.4.1061/avr8-gnu-toolchain/bin/../lib/gcc/avr/4.8.1/../../../../avr/lib/avrxmega7/crtx128a1u.o
 *(.init9)
 *(.text)
 .text          0x00000244        0x2 c:/program files (x86)/atmel/atmel toolchain/avr8 gcc/native/3.4.1061/avr8-gnu-toolchain/bin/../lib/gcc/avr/4.8.1/../../../../avr/lib/avrxmega7/crtx128a1u.o
                0x00000244                __vector_38
                0x00000244                __vector_104
                0x00000244                __vector_22
                0x00000244                __vector_63
                0x00000244                __vector_28
                0x00000244                __vector_67
                0x00000244                __vector_1
                0x00000244                __vector_119
                0x00000244                __vector_32
                0x00000244                __vector_75
                0x00000244                __vector_71
                0x00000244                __vector_91
                0x00000244                __vector_34
                0x00000244                __vector_62
                0x00000244                __vector_77
                0x00000244                __vector_102
                0x00000244                __vector_24
                0x00000244                __vector_12
                0x00000244                __vector_55
                0x00000244                __vector_69
                0x00000244                __vector_81
                0x00000244                __vector_90
                0x00000244                __vector_46
                0x00000244                __bad_interrupt
                0x00000244                __vector_122
                0x00000244                __vector_72
                0x00000244                __vector_114
                0x00000244                __vector_6
                0x00000244                __vector_110
                0x00000244                __vector_31
                0x00000244                __vector_92
                0x00000244                __vector_35
                0x00000244                __vector_78
                0x00000244                __vector_74
                0x00000244                __vector_117
                0x00000244                __vector_39
                0x00000244                __vector_107
                0x00000244                __vector_3
                0x00000244                __vector_105
                0x00000244                __vector_98
                0x00000244                __vector_23
                0x00000244                __vector_68
                0x00000244                __vector_30
                0x00000244                __vector_73
                0x00000244                __vector_45
                0x00000244                __vector_25
                0x00000244                __vector_93
                0x00000244                __vector_61
                0x00000244                __vector_54
                0x00000244                __vector_99
                0x00000244                __vector_13
                0x00000244                __vector_17
                0x00000244                __vector_19
                0x00000244                __vector_56
                0x00000244                __vector_7
                0x00000244                __vector_125
                0x00000244                __vector_49
                0x00000244                __vector_123
                0x00000244                __vector_41
                0x00000244                __vector_86
                0x00000244                __vector_100
                0x00000244                __vector_101
                0x00000244                __vector_64
                0x00000244                __vector_88
                0x00000244                __vector_109
                0x00000244                __vector_43
                0x00000244                __vector_27
                0x00000244                __vector_5
                0x00000244                __vector_113
                0x00000244                __vector_33
                0x00000244                __vector_76
                0x00000244                __vector_115
                0x00000244                __vector_47
                0x00000244                __vector_52
                0x00000244                __vector_37
                0x00000244                __vector_95
                0x00000244                __vector_103
                0x00000244                __vector_96
                0x00000244                __vector_89
                0x00000244                __vector_108
                0x00000244                __vector_4
                0x00000244                __vector_44
                0x00000244                __vector_82
                0x00000244                __vector_106
                0x00000244                __vector_118
                0x00000244                __vector_51
                0x00000244                __vector_9
                0x00000244                __vector_2
                0x00000244                __vector_21
                0x00000244                __vector_15
                0x00000244                __vector_66
                0x00000244                __vector_36
                0x00000244                __vector_79
                0x00000244                __vector_58
                0x00000244                __vector_70
                0x00000244                __vector_83
                0x00000244                __vector_29
                0x00000244                __vector_60
                0x00000244                __vector_121
                0x00000244                __vector_40
                0x00000244                __vector_85
                0x00000244                __vector_94
                0x00000244                __vector_126
                0x00000244                __vector_8
                0x00000244                __vector_26
                0x00000244                __vector_48
                0x00000244                __vector_124
                0x00000244                __vector_116
                0x00000244                __vector_112
                0x00000244                __vector_111
                0x00000244                __vector_80
                0x00000244                __vector_14
                0x00000244                __vector_84
                0x00000244                __vector_57
                0x00000244                __vector_53
                0x00000244                __vector_50
                0x00000244                __vector_16
                0x00000244                __vector_59
                0x00000244                __vector_18
                0x00000244                __vector_97
                0x00000244                __vector_20
                0x00000244                __vector_42
                0x00000244                __vector_87
                0x00000244                __vector_65
                0x00000244                __vector_120
                0x00000246                . = ALIGN (0x2)
 *(.text.*)
 .text.rtc_get_time
                0x00000246       0x56 src/ASF/xmega/drivers/rtc/rtc.o
                0x00000246                rtc_get_time
 .text.rtc_set_alarm
                0x0000029c       0x30 src/ASF/xmega/drivers/rtc/rtc.o
                0x0000029c                rtc_set_alarm
 .text.rtc_set_callback
                0x000002cc        0xa src/ASF/xmega/drivers/rtc/rtc.o
                0x000002cc                rtc_set_callback
 .text.rtc_init
                0x000002d6       0x32 src/ASF/xmega/drivers/rtc/rtc.o
                0x000002d6                rtc_init
 .text.__vector_11
                0x00000308      0x10c src/ASF/xmega/drivers/rtc/rtc.o
                0x00000308                __vector_11
 .text.init_power_seq
                0x00000414       0x4e src/V2X/Power Sequence/powerSeq.o
                0x00000414                init_power_seq
 .text.alarm    0x00000462       0x26 src/V2X/Real Time Clock/vrtc.o
 .text.alarm2   0x00000488       0x40 src/V2X/Real Time Clock/vrtc.o
 .text.init_vrtc
                0x000004c8       0x42 src/V2X/Real Time Clock/vrtc.o
                0x000004c8                init_vrtc
 .text.__vector_10
                0x0000050a       0x70 src/V2X/Real Time Clock/vrtc.o
                0x0000050a                __vector_10
 .text.ssd1306_write_command
                0x0000057a       0x40 src/ASF/common/components/display/ssd1306/ssd1306.o
 .text.ssd1306_init
                0x000005ba       0xb4 src/ASF/common/components/display/ssd1306/ssd1306.o
                0x000005ba                ssd1306_init
 .text.sysclk_init
                0x0000066e       0x42 src/ASF/common/services/clock/xmega/sysclk.o
                0x0000066e                sysclk_init
 .text.sysclk_enable_module
                0x000006b0       0x18 src/ASF/common/services/clock/xmega/sysclk.o
                0x000006b0                sysclk_enable_module
 .text.ioport_configure_port_pin
                0x000006c8       0x50 src/ASF/common/services/ioport/xmega/ioport_compat.o
                0x000006c8                ioport_configure_port_pin
 .text.spi_master_init
                0x00000718       0x58 src/ASF/common/services/spi/xmega_spi/spi_master.o
                0x00000718                spi_master_init
 .text.spi_master_setup_device
                0x00000770       0x3e src/ASF/common/services/spi/xmega_spi/spi_master.o
                0x00000770                spi_master_setup_device
 .text.spi_select_device
                0x000007ae       0x2c src/ASF/common/services/spi/xmega_spi/spi_master.o
                0x000007ae                spi_select_device
 .text.spi_deselect_device
                0x000007da       0x2c src/ASF/common/services/spi/xmega_spi/spi_master.o
                0x000007da                spi_deselect_device
 .text.board_init
                0x00000806       0x1a src/ASF/xmega/boards/xmega_a1u_xplained_pro/board_init.o
                0x00000806                board_init
 .text.spi_xmega_set_baud_div
                0x00000820       0x8e src/ASF/xmega/drivers/spi/spi.o
                0x00000820                spi_xmega_set_baud_div
 .text.main     0x000008ae       0x54 src/main.o
                0x000008ae                main
 .text.libgcc.div
                0x00000902       0x44 c:/program files (x86)/atmel/atmel toolchain/avr8 gcc/native/3.4.1061/avr8-gnu-toolchain/bin/../lib/gcc/avr/4.8.1/avrxmega7\libgcc.a(_udivmodsi4.o)
                0x00000902                __udivmodsi4
                0x00000946                . = ALIGN (0x2)
 *(.fini9)
 .fini9         0x00000946        0x0 c:/program files (x86)/atmel/atmel toolchain/avr8 gcc/native/3.4.1061/avr8-gnu-toolchain/bin/../lib/gcc/avr/4.8.1/avrxmega7\libgcc.a(_exit.o)
                0x00000946                _exit
                0x00000946                exit
 *(.fini9)
 *(.fini8)
 *(.fini8)
 *(.fini7)
 *(.fini7)
 *(.fini6)
 *(.fini6)
 *(.fini5)
 *(.fini5)
 *(.fini4)
 *(.fini4)
 *(.fini3)
 *(.fini3)
 *(.fini2)
 *(.fini2)
 *(.fini1)
 *(.fini1)
 *(.fini0)
 .fini0         0x00000946        0x4 c:/program files (x86)/atmel/atmel toolchain/avr8 gcc/native/3.4.1061/avr8-gnu-toolchain/bin/../lib/gcc/avr/4.8.1/avrxmega7\libgcc.a(_exit.o)
 *(.fini0)
                0x0000094a                _etext = .

.data           0x00802000        0x6 load address 0x0000094a
                0x00802000                PROVIDE (__data_start, .)
 *(.data)
 *(.data*)
 .data.sleepmgr_configs
                0x00802000        0x6 src/ASF/common/services/sleepmgr/xmega/sleepmgr.o
                0x00802000                sleepmgr_configs
 *(.rodata)
 *(.rodata*)
 *(.gnu.linkonce.d*)
                0x00802006                . = ALIGN (0x2)
                0x00802006                _edata = .
                0x00802006                PROVIDE (__data_end, .)

.bss            0x00802006       0x10
                0x00802006                PROVIDE (__bss_start, .)
 *(.bss)
 *(.bss*)
 *(COMMON)
 COMMON         0x00802006        0x6 src/ASF/common/services/sleepmgr/xmega/sleepmgr.o
                0x00802006                sleepmgr_locks
 COMMON         0x0080200c        0x8 src/ASF/xmega/drivers/rtc/rtc.o
                0x0080200c                rtc_data
 COMMON         0x00802014        0x2 src/V2X/Real Time Clock/vrtc.o
                0x00802014                soft_counter
                0x00802016                PROVIDE (__bss_end, .)
                0x0000094a                __data_load_start = LOADADDR (.data)
                0x00000950                __data_load_end = (__data_load_start + SIZEOF (.data))

.noinit         0x00802016        0x0
                0x00802016                PROVIDE (__noinit_start, .)
 *(.noinit*)
                0x00802016                PROVIDE (__noinit_end, .)
                0x00802016                _end = .
                0x00802016                PROVIDE (__heap_start, .)

.eeprom         0x00810000        0x0
 *(.eeprom*)
                0x00810000                __eeprom_end = .

.fuse
 *(.fuse)
 *(.lfuse)
 *(.hfuse)
 *(.efuse)

.lock
 *(.lock*)

.signature
 *(.signature*)

.user_signatures
 *(.user_signatures*)

.stab
 *(.stab)

.stabstr
 *(.stabstr)

.stab.excl
 *(.stab.excl)

.stab.exclstr
 *(.stab.exclstr)

.stab.index
 *(.stab.index)

.stab.indexstr
 *(.stab.indexstr)

.comment        0x00000000       0x30
 *(.comment)
 .comment       0x00000000       0x30 src/ASF/common/services/sleepmgr/xmega/sleepmgr.o
                                 0x31 (size before relaxing)
 .comment       0x00000000       0x31 src/ASF/xmega/drivers/rtc/rtc.o
 .comment       0x00000000       0x31 src/V2X/Power Sequence/powerSeq.o
 .comment       0x00000000       0x31 src/V2X/Real Time Clock/vrtc.o
 .comment       0x00000000       0x31 src/ASF/common/components/display/ssd1306/ssd1306.o
 .comment       0x00000000       0x31 src/ASF/common/services/clock/xmega/sysclk.o
 .comment       0x00000000       0x31 src/ASF/common/services/ioport/xmega/ioport_compat.o
 .comment       0x00000000       0x31 src/ASF/common/services/spi/xmega_spi/spi_master.o
 .comment       0x00000000       0x31 src/ASF/xmega/boards/xmega_a1u_xplained_pro/board_init.o
 .comment       0x00000000       0x31 src/ASF/xmega/drivers/spi/spi.o
 .comment       0x00000000       0x31 src/main.o

.note.gnu.build-id
 *(.note.gnu.build-id)

.debug
 *(.debug)

.line
 *(.line)

.debug_srcinfo
 *(.debug_srcinfo)

.debug_sfnames
 *(.debug_sfnames)

.debug_aranges  0x00000000      0x230
 *(.debug_aranges)
 .debug_aranges
                0x00000000       0x18 src/ASF/common/services/sleepmgr/xmega/sleepmgr.o
 .debug_aranges
                0x00000018       0x50 src/ASF/xmega/drivers/rtc/rtc.o
 .debug_aranges
                0x00000068       0x48 src/V2X/Power Sequence/powerSeq.o
 .debug_aranges
                0x000000b0       0x48 src/V2X/Real Time Clock/vrtc.o
 .debug_aranges
                0x000000f8       0x30 src/ASF/common/components/display/ssd1306/ssd1306.o
 .debug_aranges
                0x00000128       0x40 src/ASF/common/services/clock/xmega/sysclk.o
 .debug_aranges
                0x00000168       0x20 src/ASF/common/services/ioport/xmega/ioport_compat.o
 .debug_aranges
                0x00000188       0x48 src/ASF/common/services/spi/xmega_spi/spi_master.o
 .debug_aranges
                0x000001d0       0x20 src/ASF/xmega/boards/xmega_a1u_xplained_pro/board_init.o
 .debug_aranges
                0x000001f0       0x20 src/ASF/xmega/drivers/spi/spi.o
 .debug_aranges
                0x00000210       0x20 src/main.o

.debug_pubnames
 *(.debug_pubnames)

.debug_info     0x00000000     0x4c95
 *(.debug_info .gnu.linkonce.wi.*)
 .debug_info    0x00000000      0x121 src/ASF/common/services/sleepmgr/xmega/sleepmgr.o
 .debug_info    0x00000121      0x6ed src/ASF/xmega/drivers/rtc/rtc.o
 .debug_info    0x0000080e      0xcbe src/V2X/Power Sequence/powerSeq.o
 .debug_info    0x000014cc      0xbe0 src/V2X/Real Time Clock/vrtc.o
 .debug_info    0x000020ac      0xcfc src/ASF/common/components/display/ssd1306/ssd1306.o
 .debug_info    0x00002da8      0x817 src/ASF/common/services/clock/xmega/sysclk.o
 .debug_info    0x000035bf      0x11d src/ASF/common/services/ioport/xmega/ioport_compat.o
 .debug_info    0x000036dc      0xbb4 src/ASF/common/services/spi/xmega_spi/spi_master.o
 .debug_info    0x00004290      0x3ea src/ASF/xmega/boards/xmega_a1u_xplained_pro/board_init.o
 .debug_info    0x0000467a      0x1b9 src/ASF/xmega/drivers/spi/spi.o
 .debug_info    0x00004833      0x462 src/main.o

.debug_abbrev   0x00000000     0x16b7
 *(.debug_abbrev)
 .debug_abbrev  0x00000000       0x80 src/ASF/common/services/sleepmgr/xmega/sleepmgr.o
 .debug_abbrev  0x00000080      0x2c4 src/ASF/xmega/drivers/rtc/rtc.o
 .debug_abbrev  0x00000344      0x306 src/V2X/Power Sequence/powerSeq.o
 .debug_abbrev  0x0000064a      0x370 src/V2X/Real Time Clock/vrtc.o
 .debug_abbrev  0x000009ba      0x2ee src/ASF/common/components/display/ssd1306/ssd1306.o
 .debug_abbrev  0x00000ca8      0x26c src/ASF/common/services/clock/xmega/sysclk.o
 .debug_abbrev  0x00000f14       0x93 src/ASF/common/services/ioport/xmega/ioport_compat.o
 .debug_abbrev  0x00000fa7      0x29c src/ASF/common/services/spi/xmega_spi/spi_master.o
 .debug_abbrev  0x00001243      0x160 src/ASF/xmega/boards/xmega_a1u_xplained_pro/board_init.o
 .debug_abbrev  0x000013a3       0xf6 src/ASF/xmega/drivers/spi/spi.o
 .debug_abbrev  0x00001499      0x21e src/main.o

.debug_line     0x00000000     0x4f79
 *(.debug_line .debug_line.* .debug_line_end)
 .debug_line    0x00000000      0x431 src/ASF/common/services/sleepmgr/xmega/sleepmgr.o
 .debug_line    0x00000431      0x796 src/ASF/xmega/drivers/rtc/rtc.o
 .debug_line    0x00000bc7      0xa54 src/V2X/Power Sequence/powerSeq.o
 .debug_line    0x0000161b      0xab0 src/V2X/Real Time Clock/vrtc.o
 .debug_line    0x000020cb      0x8bb src/ASF/common/components/display/ssd1306/ssd1306.o
 .debug_line    0x00002986      0x643 src/ASF/common/services/clock/xmega/sysclk.o
 .debug_line    0x00002fc9      0x48e src/ASF/common/services/ioport/xmega/ioport_compat.o
 .debug_line    0x00003457      0x77e src/ASF/common/services/spi/xmega_spi/spi_master.o
 .debug_line    0x00003bd5      0x4c5 src/ASF/xmega/boards/xmega_a1u_xplained_pro/board_init.o
 .debug_line    0x0000409a      0x4d2 src/ASF/xmega/drivers/spi/spi.o
 .debug_line    0x0000456c      0xa0d src/main.o

.debug_frame    0x00000000      0x510
 *(.debug_frame)
 .debug_frame   0x00000000       0xf4 src/ASF/xmega/drivers/rtc/rtc.o
 .debug_frame   0x000000f4       0xe0 src/V2X/Power Sequence/powerSeq.o
 .debug_frame   0x000001d4       0xa0 src/V2X/Real Time Clock/vrtc.o
 .debug_frame   0x00000274       0xd0 src/ASF/common/components/display/ssd1306/ssd1306.o
 .debug_frame   0x00000344       0x64 src/ASF/common/services/clock/xmega/sysclk.o
 .debug_frame   0x000003a8       0x30 src/ASF/common/services/ioport/xmega/ioport_compat.o
 .debug_frame   0x000003d8       0xa4 src/ASF/common/services/spi/xmega_spi/spi_master.o
 .debug_frame   0x0000047c       0x24 src/ASF/xmega/boards/xmega_a1u_xplained_pro/board_init.o
 .debug_frame   0x000004a0       0x4c src/ASF/xmega/drivers/spi/spi.o
 .debug_frame   0x000004ec       0x24 src/main.o

.debug_str      0x00000000    0x2d291
 *(.debug_str)
 .debug_str     0x00000000    0x279d6 src/ASF/common/services/sleepmgr/xmega/sleepmgr.o
                              0x28020 (size before relaxing)
 .debug_str     0x000279d6     0x2e86 src/ASF/xmega/drivers/rtc/rtc.o
                              0x2af0b (size before relaxing)
 .debug_str     0x0002a85c     0x19ee src/V2X/Power Sequence/powerSeq.o
                              0x2c642 (size before relaxing)
 .debug_str     0x0002c24a      0x818 src/V2X/Real Time Clock/vrtc.o
                              0x2cd34 (size before relaxing)
 .debug_str     0x0002ca62      0x1d4 src/ASF/common/components/display/ssd1306/ssd1306.o
                              0x2bbea (size before relaxing)
 .debug_str     0x0002cc36      0x26b src/ASF/common/services/clock/xmega/sysclk.o
                              0x2aaea (size before relaxing)
 .debug_str     0x0002cea1       0x41 src/ASF/common/services/ioport/xmega/ioport_compat.o
                              0x28229 (size before relaxing)
 .debug_str     0x0002cee2      0x201 src/ASF/common/services/spi/xmega_spi/spi_master.o
                              0x2b2f9 (size before relaxing)
 .debug_str     0x0002d0e3       0x47 src/ASF/xmega/boards/xmega_a1u_xplained_pro/board_init.o
                              0x2a300 (size before relaxing)
 .debug_str     0x0002d12a       0xbf src/ASF/xmega/drivers/spi/spi.o
                              0x282a8 (size before relaxing)
 .debug_str     0x0002d1e9       0xa8 src/main.o
                              0x2c917 (size before relaxing)

.debug_loc      0x00000000     0x15a1
 *(.debug_loc)
 .debug_loc     0x00000000      0x216 src/ASF/xmega/drivers/rtc/rtc.o
 .debug_loc     0x00000216      0x2f7 src/V2X/Power Sequence/powerSeq.o
 .debug_loc     0x0000050d      0x2e1 src/V2X/Real Time Clock/vrtc.o
 .debug_loc     0x000007ee      0x445 src/ASF/common/components/display/ssd1306/ssd1306.o
 .debug_loc     0x00000c33      0x255 src/ASF/common/services/clock/xmega/sysclk.o
 .debug_loc     0x00000e88       0x66 src/ASF/common/services/ioport/xmega/ioport_compat.o
 .debug_loc     0x00000eee      0x528 src/ASF/common/services/spi/xmega_spi/spi_master.o
 .debug_loc     0x00001416      0x105 src/ASF/xmega/drivers/spi/spi.o
 .debug_loc     0x0000151b       0x86 src/main.o

.debug_macinfo
 *(.debug_macinfo)

.debug_weaknames
 *(.debug_weaknames)

.debug_funcnames
 *(.debug_funcnames)

.debug_typenames
 *(.debug_typenames)

.debug_varnames
 *(.debug_varnames)

.debug_pubtypes
 *(.debug_pubtypes)

.debug_ranges   0x00000000      0x258
 *(.debug_ranges)
 .debug_ranges  0x00000000       0x40 src/ASF/xmega/drivers/rtc/rtc.o
 .debug_ranges  0x00000040       0x68 src/V2X/Power Sequence/powerSeq.o
 .debug_ranges  0x000000a8       0x68 src/V2X/Real Time Clock/vrtc.o
 .debug_ranges  0x00000110       0x50 src/ASF/common/components/display/ssd1306/ssd1306.o
 .debug_ranges  0x00000160       0x30 src/ASF/common/services/clock/xmega/sysclk.o
 .debug_ranges  0x00000190       0x10 src/ASF/common/services/ioport/xmega/ioport_compat.o
 .debug_ranges  0x000001a0       0x38 src/ASF/common/services/spi/xmega_spi/spi_master.o
 .debug_ranges  0x000001d8       0x10 src/ASF/xmega/boards/xmega_a1u_xplained_pro/board_init.o
 .debug_ranges  0x000001e8       0x10 src/ASF/xmega/drivers/spi/spi.o
 .debug_ranges  0x000001f8       0x60 src/main.o

.debug_macro    0x00000000     0xb7e0
 *(.debug_macro)
 .debug_macro   0x00000000      0x1a3 src/ASF/common/services/sleepmgr/xmega/sleepmgr.o
 .debug_macro   0x000001a3      0xa78 src/ASF/common/services/sleepmgr/xmega/sleepmgr.o
 .debug_macro   0x00000c1b       0x10 src/ASF/common/services/sleepmgr/xmega/sleepmgr.o
 .debug_macro   0x00000c2b      0x1ad src/ASF/common/services/sleepmgr/xmega/sleepmgr.o
 .debug_macro   0x00000dd8      0x293 src/ASF/common/services/sleepmgr/xmega/sleepmgr.o
 .debug_macro   0x0000106b       0x9e src/ASF/common/services/sleepmgr/xmega/sleepmgr.o
 .debug_macro   0x00001109     0x6614 src/ASF/common/services/sleepmgr/xmega/sleepmgr.o
 .debug_macro   0x0000771d       0x9a src/ASF/common/services/sleepmgr/xmega/sleepmgr.o
 .debug_macro   0x000077b7       0xf1 src/ASF/common/services/sleepmgr/xmega/sleepmgr.o
 .debug_macro   0x000078a8       0x34 src/ASF/common/services/sleepmgr/xmega/sleepmgr.o
 .debug_macro   0x000078dc       0x10 src/ASF/common/services/sleepmgr/xmega/sleepmgr.o
 .debug_macro   0x000078ec       0x18 src/ASF/common/services/sleepmgr/xmega/sleepmgr.o
 .debug_macro   0x00007904       0x5e src/ASF/common/services/sleepmgr/xmega/sleepmgr.o
 .debug_macro   0x00007962       0x10 src/ASF/common/services/sleepmgr/xmega/sleepmgr.o
 .debug_macro   0x00007972       0x22 src/ASF/common/services/sleepmgr/xmega/sleepmgr.o
 .debug_macro   0x00007994      0x166 src/ASF/common/services/sleepmgr/xmega/sleepmgr.o
 .debug_macro   0x00007afa       0x1c src/ASF/common/services/sleepmgr/xmega/sleepmgr.o
 .debug_macro   0x00007b16       0x35 src/ASF/common/services/sleepmgr/xmega/sleepmgr.o
 .debug_macro   0x00007b4b       0x66 src/ASF/common/services/sleepmgr/xmega/sleepmgr.o
 .debug_macro   0x00007bb1      0x4d1 src/ASF/common/services/sleepmgr/xmega/sleepmgr.o
 .debug_macro   0x00008082       0x97 src/ASF/common/services/sleepmgr/xmega/sleepmgr.o
 .debug_macro   0x00008119       0x17 src/ASF/common/services/sleepmgr/xmega/sleepmgr.o
 .debug_macro   0x00008130      0x250 src/ASF/common/services/sleepmgr/xmega/sleepmgr.o
 .debug_macro   0x00008380       0x76 src/ASF/common/services/sleepmgr/xmega/sleepmgr.o
 .debug_macro   0x000083f6       0x16 src/ASF/common/services/sleepmgr/xmega/sleepmgr.o
 .debug_macro   0x0000840c      0x6e3 src/ASF/common/services/sleepmgr/xmega/sleepmgr.o
 .debug_macro   0x00008aef       0x10 src/ASF/common/services/sleepmgr/xmega/sleepmgr.o
 .debug_macro   0x00008aff      0x175 src/ASF/common/services/sleepmgr/xmega/sleepmgr.o
 .debug_macro   0x00008c74       0x40 src/ASF/common/services/sleepmgr/xmega/sleepmgr.o
 .debug_macro   0x00008cb4       0x69 src/ASF/common/services/sleepmgr/xmega/sleepmgr.o
 .debug_macro   0x00008d1d       0x32 src/ASF/common/services/sleepmgr/xmega/sleepmgr.o
 .debug_macro   0x00008d4f       0xe4 src/ASF/common/services/sleepmgr/xmega/sleepmgr.o
 .debug_macro   0x00008e33       0x10 src/ASF/common/services/sleepmgr/xmega/sleepmgr.o
 .debug_macro   0x00008e43       0x5e src/ASF/common/services/sleepmgr/xmega/sleepmgr.o
 .debug_macro   0x00008ea1      0x237 src/ASF/xmega/drivers/rtc/rtc.o
 .debug_macro   0x000090d8       0x28 src/ASF/xmega/drivers/rtc/rtc.o
 .debug_macro   0x00009100      0x248 src/ASF/xmega/drivers/rtc/rtc.o
 .debug_macro   0x00009348      0x530 src/ASF/xmega/drivers/rtc/rtc.o
 .debug_macro   0x00009878       0x7d src/ASF/xmega/drivers/rtc/rtc.o
 .debug_macro   0x000098f5       0x2f src/ASF/xmega/drivers/rtc/rtc.o
 .debug_macro   0x00009924      0x154 src/ASF/xmega/drivers/rtc/rtc.o
 .debug_macro   0x00009a78       0x1c src/ASF/xmega/drivers/rtc/rtc.o
 .debug_macro   0x00009a94      0x321 src/V2X/Power Sequence/powerSeq.o
 .debug_macro   0x00009db5       0x34 src/V2X/Power Sequence/powerSeq.o
 .debug_macro   0x00009de9       0x28 src/V2X/Power Sequence/powerSeq.o
 .debug_macro   0x00009e11       0x23 src/V2X/Power Sequence/powerSeq.o
 .debug_macro   0x00009e34       0x9a src/V2X/Power Sequence/powerSeq.o
 .debug_macro   0x00009ece      0x109 src/V2X/Power Sequence/powerSeq.o
 .debug_macro   0x00009fd7       0x40 src/V2X/Power Sequence/powerSeq.o
 .debug_macro   0x0000a017       0x26 src/V2X/Power Sequence/powerSeq.o
 .debug_macro   0x0000a03d       0x2e src/V2X/Power Sequence/powerSeq.o
 .debug_macro   0x0000a06b       0x10 src/V2X/Power Sequence/powerSeq.o
 .debug_macro   0x0000a07b       0x40 src/V2X/Power Sequence/powerSeq.o
 .debug_macro   0x0000a0bb       0xff src/V2X/Power Sequence/powerSeq.o
 .debug_macro   0x0000a1ba       0x7c src/V2X/Power Sequence/powerSeq.o
 .debug_macro   0x0000a236      0x35a src/V2X/Real Time Clock/vrtc.o
 .debug_macro   0x0000a590      0x274 src/ASF/common/components/display/ssd1306/ssd1306.o
 .debug_macro   0x0000a804       0xf1 src/ASF/common/components/display/ssd1306/ssd1306.o
 .debug_macro   0x0000a8f5       0x12 src/ASF/common/components/display/ssd1306/ssd1306.o
 .debug_macro   0x0000a907      0x1eb src/ASF/common/services/clock/xmega/sysclk.o
 .debug_macro   0x0000aaf2      0x193 src/ASF/common/services/ioport/xmega/ioport_compat.o
 .debug_macro   0x0000ac85      0x235 src/ASF/common/services/spi/xmega_spi/spi_master.o
 .debug_macro   0x0000aeba      0x1bc src/ASF/xmega/boards/xmega_a1u_xplained_pro/board_init.o
 .debug_macro   0x0000b076      0x242 src/ASF/xmega/boards/xmega_a1u_xplained_pro/board_init.o
 .debug_macro   0x0000b2b8      0x1a7 src/ASF/xmega/drivers/spi/spi.o
 .debug_macro   0x0000b45f      0x381 src/main.o
OUTPUT(JLR_LED.elf elf32-avr)
LOAD linker stubs

.BOOT           0x00020000        0x0
