Archive member included because of file (symbol)

c:/program files (x86)/atmel/atmel toolchain/avr8 gcc/native/3.4.1061/avr8-gnu-toolchain/bin/../lib/gcc/avr/4.8.1/../../../../avr/lib/avrxmega7\libm.a(divsf3.o)
                              src/V2X/Power Sequence/powerSeq.o (__divsf3)
c:/program files (x86)/atmel/atmel toolchain/avr8 gcc/native/3.4.1061/avr8-gnu-toolchain/bin/../lib/gcc/avr/4.8.1/../../../../avr/lib/avrxmega7\libm.a(divsf3x.o)
                              c:/program files (x86)/atmel/atmel toolchain/avr8 gcc/native/3.4.1061/avr8-gnu-toolchain/bin/../lib/gcc/avr/4.8.1/../../../../avr/lib/avrxmega7\libm.a(divsf3.o) (__divsf3x)
c:/program files (x86)/atmel/atmel toolchain/avr8 gcc/native/3.4.1061/avr8-gnu-toolchain/bin/../lib/gcc/avr/4.8.1/../../../../avr/lib/avrxmega7\libm.a(fixsfdi.o)
                              src/V2X/Power Sequence/powerSeq.o (__fixunssfdi)
c:/program files (x86)/atmel/atmel toolchain/avr8 gcc/native/3.4.1061/avr8-gnu-toolchain/bin/../lib/gcc/avr/4.8.1/../../../../avr/lib/avrxmega7\libm.a(floatundisf.o)
                              src/V2X/Power Sequence/powerSeq.o (__floatundisf)
c:/program files (x86)/atmel/atmel toolchain/avr8 gcc/native/3.4.1061/avr8-gnu-toolchain/bin/../lib/gcc/avr/4.8.1/../../../../avr/lib/avrxmega7\libm.a(fp_inf.o)
                              c:/program files (x86)/atmel/atmel toolchain/avr8 gcc/native/3.4.1061/avr8-gnu-toolchain/bin/../lib/gcc/avr/4.8.1/../../../../avr/lib/avrxmega7\libm.a(divsf3x.o) (__fp_inf)
c:/program files (x86)/atmel/atmel toolchain/avr8 gcc/native/3.4.1061/avr8-gnu-toolchain/bin/../lib/gcc/avr/4.8.1/../../../../avr/lib/avrxmega7\libm.a(fp_nan.o)
                              c:/program files (x86)/atmel/atmel toolchain/avr8 gcc/native/3.4.1061/avr8-gnu-toolchain/bin/../lib/gcc/avr/4.8.1/../../../../avr/lib/avrxmega7\libm.a(divsf3x.o) (__fp_nan)
c:/program files (x86)/atmel/atmel toolchain/avr8 gcc/native/3.4.1061/avr8-gnu-toolchain/bin/../lib/gcc/avr/4.8.1/../../../../avr/lib/avrxmega7\libm.a(fp_negdi.o)
                              c:/program files (x86)/atmel/atmel toolchain/avr8 gcc/native/3.4.1061/avr8-gnu-toolchain/bin/../lib/gcc/avr/4.8.1/../../../../avr/lib/avrxmega7\libm.a(fixsfdi.o) (__fp_negdi)
c:/program files (x86)/atmel/atmel toolchain/avr8 gcc/native/3.4.1061/avr8-gnu-toolchain/bin/../lib/gcc/avr/4.8.1/../../../../avr/lib/avrxmega7\libm.a(fp_pscA.o)
                              c:/program files (x86)/atmel/atmel toolchain/avr8 gcc/native/3.4.1061/avr8-gnu-toolchain/bin/../lib/gcc/avr/4.8.1/../../../../avr/lib/avrxmega7\libm.a(divsf3x.o) (__fp_pscA)
c:/program files (x86)/atmel/atmel toolchain/avr8 gcc/native/3.4.1061/avr8-gnu-toolchain/bin/../lib/gcc/avr/4.8.1/../../../../avr/lib/avrxmega7\libm.a(fp_pscB.o)
                              c:/program files (x86)/atmel/atmel toolchain/avr8 gcc/native/3.4.1061/avr8-gnu-toolchain/bin/../lib/gcc/avr/4.8.1/../../../../avr/lib/avrxmega7\libm.a(divsf3x.o) (__fp_pscB)
c:/program files (x86)/atmel/atmel toolchain/avr8 gcc/native/3.4.1061/avr8-gnu-toolchain/bin/../lib/gcc/avr/4.8.1/../../../../avr/lib/avrxmega7\libm.a(fp_round.o)
                              c:/program files (x86)/atmel/atmel toolchain/avr8 gcc/native/3.4.1061/avr8-gnu-toolchain/bin/../lib/gcc/avr/4.8.1/../../../../avr/lib/avrxmega7\libm.a(divsf3.o) (__fp_round)
c:/program files (x86)/atmel/atmel toolchain/avr8 gcc/native/3.4.1061/avr8-gnu-toolchain/bin/../lib/gcc/avr/4.8.1/../../../../avr/lib/avrxmega7\libm.a(fp_split3.o)
                              c:/program files (x86)/atmel/atmel toolchain/avr8 gcc/native/3.4.1061/avr8-gnu-toolchain/bin/../lib/gcc/avr/4.8.1/../../../../avr/lib/avrxmega7\libm.a(divsf3x.o) (__fp_split3)
c:/program files (x86)/atmel/atmel toolchain/avr8 gcc/native/3.4.1061/avr8-gnu-toolchain/bin/../lib/gcc/avr/4.8.1/../../../../avr/lib/avrxmega7\libm.a(fp_zero.o)
                              c:/program files (x86)/atmel/atmel toolchain/avr8 gcc/native/3.4.1061/avr8-gnu-toolchain/bin/../lib/gcc/avr/4.8.1/../../../../avr/lib/avrxmega7\libm.a(divsf3x.o) (__fp_szero)
c:/program files (x86)/atmel/atmel toolchain/avr8 gcc/native/3.4.1061/avr8-gnu-toolchain/bin/../lib/gcc/avr/4.8.1/avrxmega7\libgcc.a(_udivmodhi4.o)
                              src/ASF/xmega/drivers/usb/usb_device.o (__udivmodhi4)
c:/program files (x86)/atmel/atmel toolchain/avr8 gcc/native/3.4.1061/avr8-gnu-toolchain/bin/../lib/gcc/avr/4.8.1/avrxmega7\libgcc.a(_divmodhi4.o)
                              src/V2X/Real Time Clock/epoch.o (__divmodhi4)
c:/program files (x86)/atmel/atmel toolchain/avr8 gcc/native/3.4.1061/avr8-gnu-toolchain/bin/../lib/gcc/avr/4.8.1/avrxmega7\libgcc.a(_udivmodsi4.o)
                              src/ASF/xmega/drivers/usart/usart.o (__udivmodsi4)
c:/program files (x86)/atmel/atmel toolchain/avr8 gcc/native/3.4.1061/avr8-gnu-toolchain/bin/../lib/gcc/avr/4.8.1/avrxmega7\libgcc.a(_exit.o)
[...]
Memory Configuration

Name             Origin             Length             Attributes
text             0x00000000         0x00100000         xr
data             0x00802000         0x0000ffa0         rw !x
eeprom           0x00810000         0x00010000         rw !x
fuse             0x00820000         0x00000400         rw !x
lock             0x00830000         0x00000400         rw !x
signature        0x00840000         0x00000400         rw !x
user_signatures  0x00850000         0x00000400         rw !x
*default*        0x00000000         0xffffffff

Linker script and memory map

LOAD c:/program files (x86)/atmel/atmel toolchain/avr8 gcc/native/3.4.1061/avr8-gnu-toolchain/bin/../lib/gcc/avr/4.8.1/../../../../avr/lib/avrxmega7/crtx128a1u.o
LOAD src/ASF/common/services/serial/usart_serial.o
LOAD src/ASF/common/services/sleepmgr/xmega/sleepmgr.o
LOAD src/ASF/common/services/usb/class/cdc/device/example/atxmega128a1u_xmega_a1u_xplained_pro/ui.o
LOAD src/ASF/common/services/usb/class/cdc/device/udi_cdc.o
LOAD src/ASF/common/services/usb/class/cdc/device/udi_cdc_desc.o
LOAD src/ASF/common/services/usb/udc/udc.o
LOAD src/ASF/xmega/drivers/rtc/rtc.o
LOAD src/ASF/xmega/drivers/usart/usart.o
LOAD src/ASF/xmega/drivers/usb/usb_device.o
LOAD src/uart_xmega.o
LOAD src/V2X/Power Sequence/powerSeq.o
LOAD src/V2X/Real Time Clock/epoch.o
LOAD src/V2X/Real Time Clock/vrtc.o
LOAD src/ASF/common/components/display/ssd1306/font.o
LOAD src/ASF/common/components/display/ssd1306/ssd1306.o
LOAD src/ASF/common/services/clock/xmega/sysclk.o
LOAD src/ASF/common/services/ioport/xmega/ioport_compat.o
LOAD src/ASF/common/services/spi/xmega_spi/spi_master.o
LOAD src/ASF/xmega/boards/xmega_a1u_xplained_pro/board_init.o
LOAD src/ASF/xmega/drivers/cpu/ccp.o
LOAD src/ASF/xmega/drivers/nvm/nvm.o
LOAD src/ASF/xmega/drivers/nvm/nvm_asm.o
LOAD src/ASF/xmega/drivers/spi/spi.o
LOAD src/main.o
START GROUP
LOAD c:/program files (x86)/atmel/atmel toolchain/avr8 gcc/native/3.4.1061/avr8-gnu-toolchain/bin/../lib/gcc/avr/4.8.1/../../../../avr/lib/avrxmega7\libm.a
END GROUP
Address of section .BOOT set to 0x20000
START GROUP
LOAD c:/program files (x86)/atmel/atmel toolchain/avr8 gcc/native/3.4.1061/avr8-gnu-toolchain/bin/../lib/gcc/avr/4.8.1/avrxmega7\libgcc.a
LOAD c:/program files (x86)/atmel/atmel toolchain/avr8 gcc/native/3.4.1061/avr8-gnu-toolchain/bin/../lib/gcc/avr/4.8.1/../../../../avr/lib/avrxmega7\libm.a
LOAD c:/program files (x86)/atmel/atmel toolchain/avr8 gcc/native/3.4.1061/avr8-gnu-toolchain/bin/../lib/gcc/avr/4.8.1/../../../../avr/lib/avrxmega7\libc.a
END GROUP

.hash
 *(.hash)

.dynsym
 *(.dynsym)

.dynstr
 *(.dynstr)

.gnu.version
 *(.gnu.version)

.gnu.version_d
 *(.gnu.version_d)

.gnu.version_r
 *(.gnu.version_r)

.rel.init
 *(.rel.init)

.rela.init
 *(.rela.init)

.rel.text
 *(.rel.text)
 *(.rel.text.*)
 *(.rel.gnu.linkonce.t*)

.rela.text
 *(.rela.text)
 *(.rela.text.*)
 *(.rela.gnu.linkonce.t*)

.rel.fini
 *(.rel.fini)

.rela.fini
 *(.rela.fini)

.rel.rodata
 *(.rel.rodata)
 *(.rel.rodata.*)
 *(.rel.gnu.linkonce.r*)

.rela.rodata
 *(.rela.rodata)
 *(.rela.rodata.*)
 *(.rela.gnu.linkonce.r*)

.rel.data
 *(.rel.data)
 *(.rel.data.*)
 *(.rel.gnu.linkonce.d*)

.rela.data
 *(.rela.data)
 *(.rela.data.*)
 *(.rela.gnu.linkonce.d*)

.rel.ctors
 *(.rel.ctors)

.rela.ctors
 *(.rela.ctors)

.rel.dtors
 *(.rel.dtors)

.rela.dtors
 *(.rela.dtors)

.rel.got
 *(.rel.got)

.rela.got
 *(.rela.got)

.rel.bss
 *(.rel.bss)

.rela.bss
 *(.rela.bss)

.rel.plt
 *(.rel.plt)

.rela.plt
 *(.rela.plt)

.text           0x00000000     0x2cfa
 *(.vectors)
 .vectors       0x00000000      0x1fc c:/program files (x86)/atmel/atmel toolchain/avr8 gcc/native/3.4.1061/avr8-gnu-toolchain/bin/../lib/gcc/avr/4.8.1/../../../../avr/lib/avrxmega7/crtx128a1u.o
                0x00000000                __vector_default
                0x00000000                __vectors
 *(.vectors)
 *(.progmem.gcc*)
 .progmem.gcc_sw_table.udd_ep_get_size
                0x000001fc        0xe src/ASF/xmega/drivers/usb/usb_device.o
                0x0000020a                . = ALIGN (0x2)
                0x0000020a                __trampolines_start = .
 *(.trampolines)
 .trampolines   0x0000020a        0x0 linker stubs
 *(.trampolines*)
                0x0000020a                __trampolines_end = .
 *(.progmem*)
                0x0000020a                . = ALIGN (0x2)
 *(.jumptables)
 *(.jumptables*)
 *(.lowtext)
 *(.lowtext*)
                0x0000020a                __ctors_start = .
 *(.ctors)
                0x0000020a                __ctors_end = .
                0x0000020a                __dtors_start = .
 *(.dtors)
                0x0000020a                __dtors_end = .
 SORT(*)(.ctors)
 SORT(*)(.dtors)
 *(.init0)
 .init0         0x0000020a        0x0 c:/program files (x86)/atmel/atmel toolchain/avr8 gcc/native/3.4.1061/avr8-gnu-toolchain/bin/../lib/gcc/avr/4.8.1/../../../../avr/lib/avrxmega7/crtx128a1u.o
                0x0000020a                __init
 *(.init0)
 *(.init1)
 *(.init1)
 *(.init2)
 .init2         0x0000020a       0x18 c:/program files (x86)/atmel/atmel toolchain/avr8 gcc/native/3.4.1061/avr8-gnu-toolchain/bin/../lib/gcc/avr/4.8.1/../../../../avr/lib/avrxmega7/crtx128a1u.o
 *(.init2)
 *(.init3)
 *(.init3)
 *(.init4)
 .init4         0x00000222       0x1c c:/program files (x86)/atmel/atmel toolchain/avr8 gcc/native/3.4.1061/avr8-gnu-toolchain/bin/../lib/gcc/avr/4.8.1/avrxmega7\libgcc.a(_copy_data.o)
                0x00000222                __do_copy_data
 .init4         0x0000023e       0x10 c:/program files (x86)/atmel/atmel toolchain/avr8 gcc/native/3.4.1061/avr8-gnu-toolchain/bin/../lib/gcc/avr/4.8.1/avrxmega7\libgcc.a(_clear_bss.o)
                0x0000023e                __do_clear_bss
 *(.init4)
 *(.init5)
 *(.init5)
 *(.init6)
 *(.init6)
 *(.init7)
 *(.init7)
 *(.init8)
 *(.init8)
 *(.init9)
 .init9         0x0000024e        0x8 c:/program files (x86)/atmel/atmel toolchain/avr8 gcc/native/3.4.1061/avr8-gnu-toolchain/bin/../lib/gcc/avr/4.8.1/../../../../avr/lib/avrxmega7/crtx128a1u.o
 *(.init9)
 *(.text)
 .text          0x00000256        0x2 c:/program files (x86)/atmel/atmel toolchain/avr8 gcc/native/3.4.1061/avr8-gnu-toolchain/bin/../lib/gcc/avr/4.8.1/../../../../avr/lib/avrxmega7/crtx128a1u.o
                0x00000256                __vector_38
                0x00000256                __vector_104
                0x00000256                __vector_22
                0x00000256                __vector_63
                0x00000256                __vector_28
                0x00000256                __vector_67
                0x00000256                __vector_1
                0x00000256                __vector_119
                0x00000256                __vector_32
                0x00000256                __vector_75
                0x00000256                __vector_71
                0x00000256                __vector_91
                0x00000256                __vector_34
                0x00000256                __vector_62
                0x00000256                __vector_77
                0x00000256                __vector_102
                0x00000256                __vector_24
                0x00000256                __vector_12
                0x00000256                __vector_55
                0x00000256                __vector_69
                0x00000256                __vector_81
                0x00000256                __vector_90
                0x00000256                __vector_46
                0x00000256                __bad_interrupt
                0x00000256                __vector_122
                0x00000256                __vector_72
                0x00000256                __vector_114
                0x00000256                __vector_6
                0x00000256                __vector_110
                0x00000256                __vector_31
                0x00000256                __vector_92
                0x00000256                __vector_35
                0x00000256                __vector_78
                0x00000256                __vector_74
                0x00000256                __vector_117
                0x00000256                __vector_39
                0x00000256                __vector_107
                0x00000256                __vector_3
                0x00000256                __vector_105
                0x00000256                __vector_98
                0x00000256                __vector_23
                0x00000256                __vector_68
                0x00000256                __vector_30
                0x00000256                __vector_73
                0x00000256                __vector_45
                0x00000256                __vector_25
                0x00000256                __vector_93
                0x00000256                __vector_61
                0x00000256                __vector_54
                0x00000256                __vector_99
                0x00000256                __vector_13
                0x00000256                __vector_17
                0x00000256                __vector_19
                0x00000256                __vector_56
                0x00000256                __vector_7
                0x00000256                __vector_49
                0x00000256                __vector_123
                0x00000256                __vector_41
                0x00000256                __vector_86
                0x00000256                __vector_100
                0x00000256                __vector_101
                0x00000256                __vector_64
                0x00000256                __vector_88
                0x00000256                __vector_109
                0x00000256                __vector_43
                0x00000256                __vector_27
                0x00000256                __vector_5
                0x00000256                __vector_113
                0x00000256                __vector_33
                0x00000256                __vector_76
                0x00000256                __vector_115
                0x00000256                __vector_47
                0x00000256                __vector_52
                0x00000256                __vector_37
                0x00000256                __vector_95
                0x00000256                __vector_103
                0x00000256                __vector_96
                0x00000256                __vector_89
                0x00000256                __vector_108
                0x00000256                __vector_4
                0x00000256                __vector_44
                0x00000256                __vector_82
                0x00000256                __vector_106
                0x00000256                __vector_118
                0x00000256                __vector_51
                0x00000256                __vector_9
                0x00000256                __vector_2
                0x00000256                __vector_21
                0x00000256                __vector_15
                0x00000256                __vector_66
                0x00000256                __vector_36
                0x00000256                __vector_79
                0x00000256                __vector_70
                0x00000256                __vector_83
                0x00000256                __vector_29
                0x00000256                __vector_60
                0x00000256                __vector_121
                0x00000256                __vector_40
                0x00000256                __vector_85
                0x00000256                __vector_94
                0x00000256                __vector_8
                0x00000256                __vector_26
                0x00000256                __vector_48
                0x00000256                __vector_124
                0x00000256                __vector_116
                0x00000256                __vector_112
                0x00000256                __vector_111
                0x00000256                __vector_80
                0x00000256                __vector_14
                0x00000256                __vector_84
                0x00000256                __vector_57
                0x00000256                __vector_53
                0x00000256                __vector_50
                0x00000256                __vector_16
                0x00000256                __vector_18
                0x00000256                __vector_97
                0x00000256                __vector_20
                0x00000256                __vector_42
                0x00000256                __vector_87
                0x00000256                __vector_65
                0x00000256                __vector_120
                0x00000258                . = ALIGN (0x2)
 *(.text.*)
 .text.ui_init  0x00000258        0x2 src/ASF/common/services/usb/class/cdc/device/example/atxmega128a1u_xmega_a1u_xplained_pro/ui.o
                0x00000258                ui_init
 .text.ui_powerdown
                0x0000025a        0x2 src/ASF/common/services/usb/class/cdc/device/example/atxmega128a1u_xmega_a1u_xplained_pro/ui.o
                0x0000025a                ui_powerdown
 .text.ui_com_rx_start
                0x0000025c        0x2 src/ASF/common/services/usb/class/cdc/device/example/atxmega128a1u_xmega_a1u_xplained_pro/ui.o
                0x0000025c                ui_com_rx_start
 .text.ui_com_rx_stop
                0x0000025e        0x2 src/ASF/common/services/usb/class/cdc/device/example/atxmega128a1u_xmega_a1u_xplained_pro/ui.o
                0x0000025e                ui_com_rx_stop
 .text.ui_com_tx_start
                0x00000260        0x2 src/ASF/common/services/usb/class/cdc/device/example/atxmega128a1u_xmega_a1u_xplained_pro/ui.o
                0x00000260                ui_com_tx_start
 .text.ui_com_tx_stop
                0x00000262        0x2 src/ASF/common/services/usb/class/cdc/device/example/atxmega128a1u_xmega_a1u_xplained_pro/ui.o
                0x00000262                ui_com_tx_stop
 .text.ui_com_error
                0x00000264        0x2 src/ASF/common/services/usb/class/cdc/device/example/atxmega128a1u_xmega_a1u_xplained_pro/ui.o
                0x00000264                ui_com_error
 .text.ui_com_overflow
                0x00000266        0x2 src/ASF/common/services/usb/class/cdc/device/example/atxmega128a1u_xmega_a1u_xplained_pro/ui.o
                0x00000266                ui_com_overflow
 .text.udi_cdc_comm_enable
                0x00000268       0x70 src/ASF/common/services/usb/class/cdc/device/udi_cdc.o
                0x00000268                udi_cdc_comm_enable
 .text.udi_cdc_comm_disable
                0x000002d8        0xc src/ASF/common/services/usb/class/cdc/device/udi_cdc.o
                0x000002d8                udi_cdc_comm_disable
 .text.udi_cdc_data_disable
                0x000002e4       0x14 src/ASF/common/services/usb/class/cdc/device/udi_cdc.o
                0x000002e4                udi_cdc_data_disable
 .text.udi_cdc_data_setup
                0x000002f8        0x4 src/ASF/common/services/usb/class/cdc/device/udi_cdc.o
                0x000002f8                udi_cdc_data_setup
 .text.udi_cdc_getsetting
                0x000002fc        0x4 src/ASF/common/services/usb/class/cdc/device/udi_cdc.o
                0x000002fc                udi_cdc_getsetting
 .text.udi_cdc_comm_setup
                0x00000300       0xa0 src/ASF/common/services/usb/class/cdc/device/udi_cdc.o
                0x00000300                udi_cdc_comm_setup
 .text.udi_cdc_line_coding_received
                0x000003a0        0x2 src/ASF/common/services/usb/class/cdc/device/udi_cdc.o
 .text.udi_cdc_tx_send
                0x000003a2      0x156 src/ASF/common/services/usb/class/cdc/device/udi_cdc.o
 .text.udi_cdc_data_sent
                0x000004f8       0x30 src/ASF/common/services/usb/class/cdc/device/udi_cdc.o
 .text.udi_cdc_data_sof_notify
                0x00000528        0x6 src/ASF/common/services/usb/class/cdc/device/udi_cdc.o
                0x00000528                udi_cdc_data_sof_notify
 .text.udi_cdc_ctrl_state_notify
                0x0000052e       0x50 src/ASF/common/services/usb/class/cdc/device/udi_cdc.o
 .text.udi_cdc_ctrl_state_change
                0x0000057e       0x40 src/ASF/common/services/usb/class/cdc/device/udi_cdc.o
 .text.udi_cdc_serial_state_msg_sent
                0x000005be       0x2c src/ASF/common/services/usb/class/cdc/device/udi_cdc.o
 .text.udi_cdc_signal_framing_error
                0x000005ea        0xc src/ASF/common/services/usb/class/cdc/device/udi_cdc.o
                0x000005ea                udi_cdc_signal_framing_error
 .text.udi_cdc_signal_overrun
                0x000005f6        0xc src/ASF/common/services/usb/class/cdc/device/udi_cdc.o
                0x000005f6                udi_cdc_signal_overrun
 .text.udi_cdc_multi_get_nb_received_data
                0x00000602       0x26 src/ASF/common/services/usb/class/cdc/device/udi_cdc.o
                0x00000602                udi_cdc_multi_get_nb_received_data
 .text.udi_cdc_multi_is_rx_ready
                0x00000628        0xe src/ASF/common/services/usb/class/cdc/device/udi_cdc.o
                0x00000628                udi_cdc_multi_is_rx_ready
 .text.udi_cdc_rx_start
                0x00000636       0x8e src/ASF/common/services/usb/class/cdc/device/udi_cdc.o
 .text.udi_cdc_data_enable
                0x000006c4       0x64 src/ASF/common/services/usb/class/cdc/device/udi_cdc.o
                0x000006c4                udi_cdc_data_enable
 .text.udi_cdc_data_received
                0x00000728       0x62 src/ASF/common/services/usb/class/cdc/device/udi_cdc.o
 .text.udi_cdc_is_rx_ready
                0x0000078a        0x6 src/ASF/common/services/usb/class/cdc/device/udi_cdc.o
                0x0000078a                udi_cdc_is_rx_ready
 .text.udi_cdc_multi_getc
                0x00000790       0x92 src/ASF/common/services/usb/class/cdc/device/udi_cdc.o
                0x00000790                udi_cdc_multi_getc
 .text.udi_cdc_getc
                0x00000822        0x6 src/ASF/common/services/usb/class/cdc/device/udi_cdc.o
                0x00000822                udi_cdc_getc
 .text.udi_cdc_multi_get_free_tx_buffer
                0x00000828       0x4c src/ASF/common/services/usb/class/cdc/device/udi_cdc.o
                0x00000828                udi_cdc_multi_get_free_tx_buffer
 .text.udi_cdc_multi_is_tx_ready
                0x00000874        0xe src/ASF/common/services/usb/class/cdc/device/udi_cdc.o
                0x00000874                udi_cdc_multi_is_tx_ready
 .text.udi_cdc_is_tx_ready
                0x00000882        0x6 src/ASF/common/services/usb/class/cdc/device/udi_cdc.o
                0x00000882                udi_cdc_is_tx_ready
 .text.udi_cdc_multi_putc
                0x00000888       0x8a src/ASF/common/services/usb/class/cdc/device/udi_cdc.o
                0x00000888                udi_cdc_multi_putc
 .text.udi_cdc_putc
                0x00000912        0x8 src/ASF/common/services/usb/class/cdc/device/udi_cdc.o
                0x00000912                udi_cdc_putc
 .text.udc_next_desc_in_iface
                0x0000091a       0x6a src/ASF/common/services/usb/udc/udc.o
 .text.udc_valid_address
                0x00000984        0xa src/ASF/common/services/usb/udc/udc.o
 .text.udc_update_iface_desc
                0x0000098e       0x74 src/ASF/common/services/usb/udc/udc.o
 .text.udc_iface_disable
                0x00000a02       0x84 src/ASF/common/services/usb/udc/udc.o
 .text.udc_iface_enable
                0x00000a86       0x64 src/ASF/common/services/usb/udc/udc.o
 .text.udc_start
                0x00000aea        0x4 src/ASF/common/services/usb/udc/udc.o
                0x00000aea                udc_start
 .text.udc_reset
                0x00000aee       0x4e src/ASF/common/services/usb/udc/udc.o
                0x00000aee                udc_reset
 .text.udc_sof_notify
                0x00000b3c       0x5e src/ASF/common/services/usb/udc/udc.o
                0x00000b3c                udc_sof_notify
 .text.udc_process_setup
                0x00000b9a      0x51c src/ASF/common/services/usb/udc/udc.o
                0x00000b9a                udc_process_setup
 .text.rtc_set_time
                0x000010b6       0x24 src/ASF/xmega/drivers/rtc/rtc.o
                0x000010b6                rtc_set_time
 .text.rtc_set_alarm
                0x000010da       0x30 src/ASF/xmega/drivers/rtc/rtc.o
                0x000010da                rtc_set_alarm
 .text.rtc_set_callback
                0x0000110a        0xa src/ASF/xmega/drivers/rtc/rtc.o
                0x0000110a                rtc_set_callback
 .text.rtc_init
                0x00001114       0x34 src/ASF/xmega/drivers/rtc/rtc.o
                0x00001114                rtc_init
 .text.udd_sleep_mode
                0x00001148       0x3e src/ASF/xmega/drivers/usb/usb_device.o
 .text.udd_ctrl_init
                0x00001186       0x56 src/ASF/xmega/drivers/usb/usb_device.o
 .text.udd_ctrl_stall_data
                0x000011dc       0x1c src/ASF/xmega/drivers/usb/usb_device.o
 .text.udd_ctrl_send_zlp_in
                0x000011f8       0x1c src/ASF/xmega/drivers/usb/usb_device.o
 .text.udd_ctrl_endofrequest
                0x00001214       0x10 src/ASF/xmega/drivers/usb/usb_device.o
 .text.udd_ctrl_in_sent
                0x00001224       0xdc src/ASF/xmega/drivers/usb/usb_device.o
 .text.udd_ep_get_size
                0x00001300       0x4a src/ASF/xmega/drivers/usb/usb_device.o
 .text.udd_ep_get_job
                0x0000134a       0x36 src/ASF/xmega/drivers/usb/usb_device.o
 .text.udd_ctrl_interrupt_tc_setup
                0x00001380       0xde src/ASF/xmega/drivers/usb/usb_device.o
 .text.udd_ep_trans_complet
                0x0000145e      0x228 src/ASF/xmega/drivers/usb/usb_device.o
 .text.udd_attach
                0x00001686       0x46 src/ASF/xmega/drivers/usb/usb_device.o
                0x00001686                udd_attach
 .text.udd_enable
                0x000016cc       0xd8 src/ASF/xmega/drivers/usb/usb_device.o
                0x000016cc                udd_enable
 .text.udd_is_high_speed
                0x000017a4        0x4 src/ASF/xmega/drivers/usb/usb_device.o
                0x000017a4                udd_is_high_speed
 .text.udd_set_address
                0x000017a8        0x6 src/ASF/xmega/drivers/usb/usb_device.o
                0x000017a8                udd_set_address
 .text.udd_getaddress
                0x000017ae        0x6 src/ASF/xmega/drivers/usb/usb_device.o
                0x000017ae                udd_getaddress
 .text.udd_get_frame_number
                0x000017b4        0xa src/ASF/xmega/drivers/usb/usb_device.o
                0x000017b4                udd_get_frame_number
 .text.udd_get_micro_frame_number
                0x000017be        0x6 src/ASF/xmega/drivers/usb/usb_device.o
                0x000017be                udd_get_micro_frame_number
 .text.udd_set_setup_payload
                0x000017c4       0x12 src/ASF/xmega/drivers/usb/usb_device.o
                0x000017c4                udd_set_setup_payload
 .text.udd_ep_alloc
                0x000017d6       0xc2 src/ASF/xmega/drivers/usb/usb_device.o
                0x000017d6                udd_ep_alloc
 .text.udd_ep_is_halted
                0x00001898       0x36 src/ASF/xmega/drivers/usb/usb_device.o
                0x00001898                udd_ep_is_halted
 .text.udd_ep_clear_halt
                0x000018ce       0x54 src/ASF/xmega/drivers/usb/usb_device.o
                0x000018ce                udd_ep_clear_halt
 .text.udd_ep_run
                0x00001922      0x110 src/ASF/xmega/drivers/usb/usb_device.o
                0x00001922                udd_ep_run
 .text.udd_ep_abort
                0x00001a32       0x72 src/ASF/xmega/drivers/usb/usb_device.o
                0x00001a32                udd_ep_abort
 .text.udd_ep_free
                0x00001aa4       0x3a src/ASF/xmega/drivers/usb/usb_device.o
                0x00001aa4                udd_ep_free
 .text.udd_ep_set_halt
                0x00001ade       0x42 src/ASF/xmega/drivers/usb/usb_device.o
                0x00001ade                udd_ep_set_halt
 .text.__vector_125
                0x00001b20      0x18a src/ASF/xmega/drivers/usb/usb_device.o
                0x00001b20                __vector_125
 .text.__vector_126
                0x00001caa      0x1fa src/ASF/xmega/drivers/usb/usb_device.o
                0x00001caa                __vector_126
 .text.__vector_58
                0x00001ea4       0x9e src/uart_xmega.o
                0x00001ea4                __vector_58
 .text.__vector_59
                0x00001f42       0x84 src/uart_xmega.o
                0x00001f42                __vector_59
 .text.init_power_seq
                0x00001fc6       0x4e src/V2X/Power Sequence/powerSeq.o
                0x00001fc6                init_power_seq
 .text.init_vrtc
                0x00002014       0x3a src/V2X/Real Time Clock/vrtc.o
                0x00002014                init_vrtc
 .text.setEpochTime
                0x0000204e       0x7a src/V2X/Real Time Clock/vrtc.o
                0x0000204e                setEpochTime
 .text.peakNextAlarmNode
                0x000020c8       0x80 src/V2X/Real Time Clock/vrtc.o
                0x000020c8                peakNextAlarmNode
 .text.setNextAlarmRoutine
                0x00002148       0x3c src/V2X/Real Time Clock/vrtc.o
                0x00002148                setNextAlarmRoutine
 .text.removeExpiredAlarms
                0x00002184       0x84 src/V2X/Real Time Clock/vrtc.o
                0x00002184                removeExpiredAlarms
 .text.addAlarm
                0x00002208      0x114 src/V2X/Real Time Clock/vrtc.o
                0x00002208                addAlarm
 .text.__vector_10
                0x0000231c       0x5c src/V2X/Real Time Clock/vrtc.o
                0x0000231c                __vector_10
 .text.__vector_11
                0x00002378      0x1a4 src/V2X/Real Time Clock/vrtc.o
                0x00002378                __vector_11
 .text.ssd1306_write_command
                0x0000251c       0x40 src/ASF/common/components/display/ssd1306/ssd1306.o
 .text.ssd1306_init
                0x0000255c       0xb4 src/ASF/common/components/display/ssd1306/ssd1306.o
                0x0000255c                ssd1306_init
 .text.sysclk_init
                0x00002610       0x8e src/ASF/common/services/clock/xmega/sysclk.o
                0x00002610                sysclk_init
 .text.sysclk_enable_module
                0x0000269e       0x18 src/ASF/common/services/clock/xmega/sysclk.o
                0x0000269e                sysclk_enable_module
 .text.sysclk_enable_usb
                0x000026b6       0x36 src/ASF/common/services/clock/xmega/sysclk.o
                0x000026b6                sysclk_enable_usb
 .text.ioport_configure_port_pin
                0x000026ec       0x50 src/ASF/common/services/ioport/xmega/ioport_compat.o
                0x000026ec                ioport_configure_port_pin
 .text.spi_master_init
                0x0000273c       0x58 src/ASF/common/services/spi/xmega_spi/spi_master.o
                0x0000273c                spi_master_init
 .text.spi_master_setup_device
                0x00002794       0x3e src/ASF/common/services/spi/xmega_spi/spi_master.o
                0x00002794                spi_master_setup_device
 .text.spi_select_device
                0x000027d2       0x2c src/ASF/common/services/spi/xmega_spi/spi_master.o
                0x000027d2                spi_select_device
 .text.spi_deselect_device
                0x000027fe       0x2c src/ASF/common/services/spi/xmega_spi/spi_master.o
                0x000027fe                spi_deselect_device
 .text.board_init
                0x0000282a       0x1a src/ASF/xmega/boards/xmega_a1u_xplained_pro/board_init.o
                0x0000282a                board_init
 .text.ccp_write_io
                0x00002844        0xc src/ASF/xmega/drivers/cpu/ccp.o
                0x00002844                ccp_write_io
 .text.nvm_read_byte
                0x00002850       0x14 src/ASF/xmega/drivers/nvm/nvm_asm.o
                0x00002850                nvm_read_byte
 .text.spi_xmega_set_baud_div
                0x00002864       0x8e src/ASF/xmega/drivers/spi/spi.o
                0x00002864                spi_xmega_set_baud_div
 .text.alarm1   0x000028f2       0x28 src/main.o
 .text.alarm2   0x0000291a       0x30 src/main.o
 .text.alarm3   0x0000294a       0x38 src/main.o
 .text.main     0x00002982       0x9c src/main.o
                0x00002982                main
 .text.libgcc.div
                0x00002a1e       0x28 c:/program files (x86)/atmel/atmel toolchain/avr8 gcc/native/3.4.1061/avr8-gnu-toolchain/bin/../lib/gcc/avr/4.8.1/avrxmega7\libgcc.a(_udivmodhi4.o)
                0x00002a1e                __udivmodhi4
 .text.libgcc.div
                0x00002a46       0x44 c:/program files (x86)/atmel/atmel toolchain/avr8 gcc/native/3.4.1061/avr8-gnu-toolchain/bin/../lib/gcc/avr/4.8.1/avrxmega7\libgcc.a(_udivmodsi4.o)
                0x00002a46                __udivmodsi4
 .text.libgcc   0x00002a8a        0xc c:/program files (x86)/atmel/atmel toolchain/avr8 gcc/native/3.4.1061/avr8-gnu-toolchain/bin/../lib/gcc/avr/4.8.1/avrxmega7\libgcc.a(_tablejump.o)
                0x00002a8a                __tablejump2__
                0x00002a8e                __tablejump__
 .text.avr-libc
                0x00002a96      0x24e c:/program files (x86)/atmel/atmel toolchain/avr8 gcc/native/3.4.1061/avr8-gnu-toolchain/bin/../lib/gcc/avr/4.8.1/../../../../avr/lib/avrxmega7\libc.a(malloc.o)
                0x00002a96                malloc
                0x00002bc6                free
 .text.avr-libc
                0x00002ce4       0x12 c:/program files (x86)/atmel/atmel toolchain/avr8 gcc/native/3.4.1061/avr8-gnu-toolchain/bin/../lib/gcc/avr/4.8.1/../../../../avr/lib/avrxmega7\libc.a(memcpy.o)
                0x00002ce4                memcpy
                0x00002cf6                . = ALIGN (0x2)
 *(.fini9)
 .fini9         0x00002cf6        0x0 c:/program files (x86)/atmel/atmel toolchain/avr8 gcc/native/3.4.1061/avr8-gnu-toolchain/bin/../lib/gcc/avr/4.8.1/avrxmega7\libgcc.a(_exit.o)
                0x00002cf6                _exit
                0x00002cf6                exit
 *(.fini9)
 *(.fini8)
 *(.fini8)
 *(.fini7)
 *(.fini7)
 *(.fini6)
 *(.fini6)
 *(.fini5)
 *(.fini5)
 *(.fini4)
 *(.fini4)
 *(.fini3)
 *(.fini3)
 *(.fini2)
 *(.fini2)
 *(.fini1)
 *(.fini1)
 *(.fini0)
 .fini0         0x00002cf6        0x4 c:/program files (x86)/atmel/atmel toolchain/avr8 gcc/native/3.4.1061/avr8-gnu-toolchain/bin/../lib/gcc/avr/4.8.1/avrxmega7\libgcc.a(_exit.o)
 *(.fini0)
                0x00002cfa                _etext = .

.data           0x00802000       0x88 load address 0x00002cfa
                0x00802000                PROVIDE (__data_start, .)
 *(.data)
 .data          0x00802000        0x6 c:/program files (x86)/atmel/atmel toolchain/avr8 gcc/native/3.4.1061/avr8-gnu-toolchain/bin/../lib/gcc/avr/4.8.1/../../../../avr/lib/avrxmega7\libc.a(malloc.o)
                0x00802000                __malloc_heap_end
                0x00802002                __malloc_heap_start
                0x00802004                __malloc_margin
 *(.data*)
 .data.sleepmgr_configs
                0x00802006        0x6 src/ASF/common/services/sleepmgr/xmega/sleepmgr.o
                0x00802006                sleepmgr_configs
 .data.udi_api_cdc_data
                0x0080200c        0xa src/ASF/common/services/usb/class/cdc/device/udi_cdc.o
                0x0080200c                udi_api_cdc_data
 .data.udi_api_cdc_comm
                0x00802016        0xa src/ASF/common/services/usb/class/cdc/device/udi_cdc.o
                0x00802016                udi_api_cdc_comm
 .data.udc_config
                0x00802020        0x6 src/ASF/common/services/usb/class/cdc/device/udi_cdc_desc.o
                0x00802020                udc_config
 .data.udc_config_fs
                0x00802026        0x4 src/ASF/common/services/usb/class/cdc/device/udi_cdc_desc.o
                0x00802026                udc_config_fs
 .data.udi_apis
                0x0080202a        0x4 src/ASF/common/services/usb/class/cdc/device/udi_cdc_desc.o
                0x0080202a                udi_apis
 .data.udc_desc_fs
                0x0080202e       0x44 src/ASF/common/services/usb/class/cdc/device/udi_cdc_desc.o
                0x0080202e                udc_desc_fs
 .data.udc_device_desc
                0x00802072       0x12 src/ASF/common/services/usb/class/cdc/device/udi_cdc_desc.o
                0x00802072                udc_device_desc
 .data.udc_string_desc_languageid
                0x00802084        0x4 src/ASF/common/services/usb/udc/udc.o
 *(.rodata)
 *(.rodata*)
 *(.gnu.linkonce.d*)
                0x00802088                . = ALIGN (0x2)
                0x00802088                _edata = .
                0x00802088                PROVIDE (__data_end, .)

.bss            0x00802088      0x2a1
                0x00802088                PROVIDE (__bss_start, .)
 *(.bss)
 *(.bss*)
 .bss.sof_zlp_counter.4984
                0x00802088        0x2 src/ASF/common/services/usb/class/cdc/device/udi_cdc.o
 .bss.udi_cdc_tx_both_buf_to_send
                0x0080208a        0x1 src/ASF/common/services/usb/class/cdc/device/udi_cdc.o
 .bss.udi_cdc_tx_trans_ongoing
                0x0080208b        0x1 src/ASF/common/services/usb/class/cdc/device/udi_cdc.o
 .bss.udi_cdc_tx_sof_num
                0x0080208c        0x2 src/ASF/common/services/usb/class/cdc/device/udi_cdc.o
 .bss.udi_cdc_tx_buf_sel
                0x0080208e        0x1 src/ASF/common/services/usb/class/cdc/device/udi_cdc.o
 .bss.udi_cdc_tx_buf_nb
                0x0080208f        0x4 src/ASF/common/services/usb/class/cdc/device/udi_cdc.o
 *fill*         0x00802093        0x1 
 .bss.udi_cdc_tx_buf
                0x00802094       0x80 src/ASF/common/services/usb/class/cdc/device/udi_cdc.o
 .bss.udi_cdc_rx_trans_ongoing
                0x00802114        0x1 src/ASF/common/services/usb/class/cdc/device/udi_cdc.o
 .bss.udi_cdc_rx_pos
                0x00802115        0x2 src/ASF/common/services/usb/class/cdc/device/udi_cdc.o
 .bss.udi_cdc_rx_buf_sel
                0x00802117        0x1 src/ASF/common/services/usb/class/cdc/device/udi_cdc.o
 .bss.udi_cdc_rx_buf_nb
                0x00802118        0x4 src/ASF/common/services/usb/class/cdc/device/udi_cdc.o
 .bss.udi_cdc_rx_buf
                0x0080211c       0x80 src/ASF/common/services/usb/class/cdc/device/udi_cdc.o
 .bss.udi_cdc_data_running
                0x0080219c        0x1 src/ASF/common/services/usb/class/cdc/device/udi_cdc.o
 .bss.udi_cdc_nb_data_enabled
                0x0080219d        0x1 src/ASF/common/services/usb/class/cdc/device/udi_cdc.o
 .bss.udi_cdc_nb_comm_enabled
                0x0080219e        0x1 src/ASF/common/services/usb/class/cdc/device/udi_cdc.o
 *fill*         0x0080219f        0x1 
 .bss.uid_cdc_state_msg
                0x008021a0        0xa src/ASF/common/services/usb/class/cdc/device/udi_cdc.o
 .bss.udi_cdc_state
                0x008021aa        0x2 src/ASF/common/services/usb/class/cdc/device/udi_cdc.o
 .bss.udi_cdc_serial_state_msg_ongoing
                0x008021ac        0x1 src/ASF/common/services/usb/class/cdc/device/udi_cdc.o
 *fill*         0x008021ad        0x1 
 .bss.udi_cdc_line_coding
                0x008021ae        0x8 src/ASF/common/services/usb/class/cdc/device/udi_cdc.o
 .bss.udc_ep_status.4689
                0x008021b6        0x2 src/ASF/common/services/usb/udc/udc.o
 .bss.udc_ptr_iface
                0x008021b8        0x2 src/ASF/common/services/usb/udc/udc.o
 .bss.udc_ptr_conf
                0x008021ba        0x2 src/ASF/common/services/usb/udc/udc.o
 .bss.udc_num_configuration
                0x008021bc        0x2 src/ASF/common/services/usb/udc/udc.o
 .bss.udc_iface_setting
                0x008021be        0x2 src/ASF/common/services/usb/udc/udc.o
 .bss.udc_device_status
                0x008021c0        0x2 src/ASF/common/services/usb/udc/udc.o
 .bss.b_shortpacket.5399
                0x008021c2        0x1 src/ASF/xmega/drivers/usb/usb_device.o
 .bss.udd_ep_out_cache_buffer
                0x008021c3       0x80 src/ASF/xmega/drivers/usb/usb_device.o
 .bss.udd_ep_job
                0x00802243       0x24 src/ASF/xmega/drivers/usb/usb_device.o
 .bss.udd_ctrl_buffer
                0x00802267       0x40 src/ASF/xmega/drivers/usb/usb_device.o
 .bss.udd_ctrl_payload_nb_trans
                0x008022a7        0x2 src/ASF/xmega/drivers/usb/usb_device.o
 .bss.udd_ctrl_prev_payload_nb_trans
                0x008022a9        0x2 src/ASF/xmega/drivers/usb/usb_device.o
 .bss.udd_ep_control_state
                0x008022ab        0x1 src/ASF/xmega/drivers/usb/usb_device.o
 *fill*         0x008022ac        0x4 
 .bss.udd_sram  0x008022b0       0x50 src/ASF/xmega/drivers/usb/usb_device.o
 .bss.udd_b_idle
                0x00802300        0x1 src/ASF/xmega/drivers/usb/usb_device.o
 *(COMMON)
 COMMON         0x00802301        0x6 src/ASF/common/services/sleepmgr/xmega/sleepmgr.o
                0x00802301                sleepmgr_locks
 COMMON         0x00802307        0x8 src/ASF/common/services/usb/class/cdc/device/example/atxmega128a1u_xmega_a1u_xplained_pro/ui.o
                0x00802307                rtc_data
 COMMON         0x0080230f       0x10 src/ASF/xmega/drivers/usb/usb_device.o
                0x0080230f                udd_g_ctrlreq
 COMMON         0x0080231f        0x6 src/V2X/Real Time Clock/vrtc.o
                0x0080231f                alarm_curr_ref
                0x00802321                alarm_list_head
                0x00802323                soft_counter
 COMMON         0x00802325        0x4 c:/program files (x86)/atmel/atmel toolchain/avr8 gcc/native/3.4.1061/avr8-gnu-toolchain/bin/../lib/gcc/avr/4.8.1/../../../../avr/lib/avrxmega7\libc.a(malloc.o)
                0x00802325                __brkval
                0x00802327                __flp
                0x00802329                PROVIDE (__bss_end, .)
                0x00002cfa                __data_load_start = LOADADDR (.data)
                0x00002d82                __data_load_end = (__data_load_start + SIZEOF (.data))

.noinit         0x00802329        0x0
                0x00802329                PROVIDE (__noinit_start, .)
 *(.noinit*)
                0x00802329                PROVIDE (__noinit_end, .)
                0x00802329                _end = .
                0x00802329                PROVIDE (__heap_start, .)

.eeprom         0x00810000        0x0
 *(.eeprom*)
                0x00810000                __eeprom_end = .

.fuse
 *(.fuse)
 *(.lfuse)
 *(.hfuse)
 *(.efuse)

.lock
 *(.lock*)

.signature
 *(.signature*)

.user_signatures
 *(.user_signatures*)

.stab
 *(.stab)

.stabstr
 *(.stabstr)

.stab.excl
 *(.stab.excl)

.stab.exclstr
 *(.stab.exclstr)

.stab.index
 *(.stab.index)

.stab.indexstr
 *(.stab.indexstr)

.comment        0x00000000       0x30
 *(.comment)
 .comment       0x00000000       0x30 src/ASF/common/services/sleepmgr/xmega/sleepmgr.o
                                 0x31 (size before relaxing)
 .comment       0x00000000       0x31 src/ASF/common/services/usb/class/cdc/device/example/atxmega128a1u_xmega_a1u_xplained_pro/ui.o
 .comment       0x00000000       0x31 src/ASF/common/services/usb/class/cdc/device/udi_cdc.o
 .comment       0x00000000       0x31 src/ASF/common/services/usb/class/cdc/device/udi_cdc_desc.o
 .comment       0x00000000       0x31 src/ASF/common/services/usb/udc/udc.o
 .comment       0x00000000       0x31 src/ASF/xmega/drivers/rtc/rtc.o
 .comment       0x00000000       0x31 src/ASF/xmega/drivers/usb/usb_device.o
 .comment       0x00000000       0x31 src/uart_xmega.o
 .comment       0x00000000       0x31 src/V2X/Power Sequence/powerSeq.o
 .comment       0x00000000       0x31 src/V2X/Real Time Clock/vrtc.o
 .comment       0x00000000       0x31 src/ASF/common/components/display/ssd1306/ssd1306.o
 .comment       0x00000000       0x31 src/ASF/common/services/clock/xmega/sysclk.o
 .comment       0x00000000       0x31 src/ASF/common/services/ioport/xmega/ioport_compat.o
 .comment       0x00000000       0x31 src/ASF/common/services/spi/xmega_spi/spi_master.o
 .comment       0x00000000       0x31 src/ASF/xmega/boards/xmega_a1u_xplained_pro/board_init.o
 .comment       0x00000000       0x31 src/ASF/xmega/drivers/spi/spi.o
 .comment       0x00000000       0x31 src/main.o
 .comment       0x00000000       0x31 c:/program files (x86)/atmel/atmel toolchain/avr8 gcc/native/3.4.1061/avr8-gnu-toolchain/bin/../lib/gcc/avr/4.8.1/../../../../avr/lib/avrxmega7\libc.a(malloc.o)

.note.gnu.build-id
 *(.note.gnu.build-id)

.debug
 *(.debug)

.line
 *(.line)

.debug_srcinfo
 *(.debug_srcinfo)

.debug_sfnames
 *(.debug_sfnames)

.debug_aranges  0x00000000      0x6a0
 *(.debug_aranges)
 .debug_aranges
                0x00000000       0x18 src/ASF/common/services/sleepmgr/xmega/sleepmgr.o
 .debug_aranges
                0x00000018       0x78 src/ASF/common/services/usb/class/cdc/device/example/atxmega128a1u_xmega_a1u_xplained_pro/ui.o
 .debug_aranges
                0x00000090      0x168 src/ASF/common/services/usb/class/cdc/device/udi_cdc.o
 .debug_aranges
                0x000001f8       0x18 src/ASF/common/services/usb/class/cdc/device/udi_cdc_desc.o
 .debug_aranges
                0x00000210       0x70 src/ASF/common/services/usb/udc/udc.o
 .debug_aranges
                0x00000280       0x48 src/ASF/xmega/drivers/rtc/rtc.o
 .debug_aranges
                0x000002c8      0x120 src/ASF/xmega/drivers/usb/usb_device.o
 .debug_aranges
                0x000003e8       0x48 src/uart_xmega.o
 .debug_aranges
                0x00000430       0x48 src/V2X/Power Sequence/powerSeq.o
 .debug_aranges
                0x00000478       0x60 src/V2X/Real Time Clock/vrtc.o
 .debug_aranges
                0x000004d8       0x30 src/ASF/common/components/display/ssd1306/ssd1306.o
 .debug_aranges
                0x00000508       0x40 src/ASF/common/services/clock/xmega/sysclk.o
 .debug_aranges
                0x00000548       0x20 src/ASF/common/services/ioport/xmega/ioport_compat.o
 .debug_aranges
                0x00000568       0x48 src/ASF/common/services/spi/xmega_spi/spi_master.o
 .debug_aranges
                0x000005b0       0x20 src/ASF/xmega/boards/xmega_a1u_xplained_pro/board_init.o
 .debug_aranges
                0x000005d0       0x20 src/ASF/xmega/drivers/cpu/ccp.o
 .debug_aranges
                0x000005f0       0x28 src/ASF/xmega/drivers/nvm/nvm_asm.o
 .debug_aranges
                0x00000618       0x20 src/ASF/xmega/drivers/spi/spi.o
 .debug_aranges
                0x00000638       0x68 src/main.o

.debug_pubnames
 *(.debug_pubnames)

.debug_info     0x00000000     0xb6b6
 *(.debug_info .gnu.linkonce.wi.*)
 .debug_info    0x00000000      0x121 src/ASF/common/services/sleepmgr/xmega/sleepmgr.o
 .debug_info    0x00000121      0x642 src/ASF/common/services/usb/class/cdc/device/example/atxmega128a1u_xmega_a1u_xplained_pro/ui.o
 .debug_info    0x00000763     0x17eb src/ASF/common/services/usb/class/cdc/device/udi_cdc.o
 .debug_info    0x00001f4e      0x7bd src/ASF/common/services/usb/class/cdc/device/udi_cdc_desc.o
 .debug_info    0x0000270b     0x10ee src/ASF/common/services/usb/udc/udc.o
 .debug_info    0x000037f9      0x6a7 src/ASF/xmega/drivers/rtc/rtc.o
 .debug_info    0x00003ea0     0x1da8 src/ASF/xmega/drivers/usb/usb_device.o
 .debug_info    0x00005c48      0x90a src/uart_xmega.o
 .debug_info    0x00006552      0xcef src/V2X/Power Sequence/powerSeq.o
 .debug_info    0x00007241      0x95c src/V2X/Real Time Clock/vrtc.o
 .debug_info    0x00007b9d      0xcfc src/ASF/common/components/display/ssd1306/ssd1306.o
 .debug_info    0x00008899      0xa8c src/ASF/common/services/clock/xmega/sysclk.o
 .debug_info    0x00009325      0x11d src/ASF/common/services/ioport/xmega/ioport_compat.o
 .debug_info    0x00009442      0xbb4 src/ASF/common/services/spi/xmega_spi/spi_master.o
 .debug_info    0x00009ff6      0x3ea src/ASF/xmega/boards/xmega_a1u_xplained_pro/board_init.o
 .debug_info    0x0000a3e0       0x99 src/ASF/xmega/drivers/cpu/ccp.o
 .debug_info    0x0000a479       0x99 src/ASF/xmega/drivers/nvm/nvm_asm.o
 .debug_info    0x0000a512      0x1b9 src/ASF/xmega/drivers/spi/spi.o
 .debug_info    0x0000a6cb      0xfeb src/main.o

.debug_abbrev   0x00000000     0x2ab8
 *(.debug_abbrev)
 .debug_abbrev  0x00000000       0x80 src/ASF/common/services/sleepmgr/xmega/sleepmgr.o
 .debug_abbrev  0x00000080      0x216 src/ASF/common/services/usb/class/cdc/device/example/atxmega128a1u_xmega_a1u_xplained_pro/ui.o
 .debug_abbrev  0x00000296      0x39f src/ASF/common/services/usb/class/cdc/device/udi_cdc.o
 .debug_abbrev  0x00000635       0xfe src/ASF/common/services/usb/class/cdc/device/udi_cdc_desc.o
 .debug_abbrev  0x00000733      0x3af src/ASF/common/services/usb/udc/udc.o
 .debug_abbrev  0x00000ae2      0x29b src/ASF/xmega/drivers/rtc/rtc.o
 .debug_abbrev  0x00000d7d      0x5b2 src/ASF/xmega/drivers/usb/usb_device.o
 .debug_abbrev  0x0000132f      0x255 src/uart_xmega.o
 .debug_abbrev  0x00001584      0x30b src/V2X/Power Sequence/powerSeq.o
 .debug_abbrev  0x0000188f      0x327 src/V2X/Real Time Clock/vrtc.o
 .debug_abbrev  0x00001bb6      0x2ee src/ASF/common/components/display/ssd1306/ssd1306.o
 .debug_abbrev  0x00001ea4      0x2b7 src/ASF/common/services/clock/xmega/sysclk.o
 .debug_abbrev  0x0000215b       0x93 src/ASF/common/services/ioport/xmega/ioport_compat.o
 .debug_abbrev  0x000021ee      0x29c src/ASF/common/services/spi/xmega_spi/spi_master.o
 .debug_abbrev  0x0000248a      0x160 src/ASF/xmega/boards/xmega_a1u_xplained_pro/board_init.o
 .debug_abbrev  0x000025ea       0x14 src/ASF/xmega/drivers/cpu/ccp.o
 .debug_abbrev  0x000025fe       0x12 src/ASF/xmega/drivers/nvm/nvm_asm.o
 .debug_abbrev  0x00002610       0xf6 src/ASF/xmega/drivers/spi/spi.o
 .debug_abbrev  0x00002706      0x3b2 src/main.o

.debug_line     0x00000000     0xa397
 *(.debug_line .debug_line.* .debug_line_end)
 .debug_line    0x00000000      0x431 src/ASF/common/services/sleepmgr/xmega/sleepmgr.o
 .debug_line    0x00000431      0xb86 src/ASF/common/services/usb/class/cdc/device/example/atxmega128a1u_xmega_a1u_xplained_pro/ui.o
 .debug_line    0x00000fb7      0xe38 src/ASF/common/services/usb/class/cdc/device/udi_cdc.o
 .debug_line    0x00001def      0x4a2 src/ASF/common/services/usb/class/cdc/device/udi_cdc_desc.o
 .debug_line    0x00002291      0xa68 src/ASF/common/services/usb/udc/udc.o
 .debug_line    0x00002cf9      0x731 src/ASF/xmega/drivers/rtc/rtc.o
 .debug_line    0x0000342a     0x14a2 src/ASF/xmega/drivers/usb/usb_device.o
 .debug_line    0x000048cc      0xbf2 src/uart_xmega.o
 .debug_line    0x000054be      0xc2b src/V2X/Power Sequence/powerSeq.o
 .debug_line    0x000060e9      0xe60 src/V2X/Real Time Clock/vrtc.o
 .debug_line    0x00006f49      0x8bb src/ASF/common/components/display/ssd1306/ssd1306.o
 .debug_line    0x00007804      0x689 src/ASF/common/services/clock/xmega/sysclk.o
 .debug_line    0x00007e8d      0x48e src/ASF/common/services/ioport/xmega/ioport_compat.o
 .debug_line    0x0000831b      0x77e src/ASF/common/services/spi/xmega_spi/spi_master.o
 .debug_line    0x00008a99      0x4c5 src/ASF/xmega/boards/xmega_a1u_xplained_pro/board_init.o
 .debug_line    0x00008f5e       0x6e src/ASF/xmega/drivers/cpu/ccp.o
 .debug_line    0x00008fcc      0x11f src/ASF/xmega/drivers/nvm/nvm_asm.o
 .debug_line    0x000090eb      0x4d2 src/ASF/xmega/drivers/spi/spi.o
 .debug_line    0x000095bd      0xdda src/main.o

.debug_frame    0x00000000     0x10b0
 *(.debug_frame)
 .debug_frame   0x00000000       0xd4 src/ASF/common/services/usb/class/cdc/device/example/atxmega128a1u_xmega_a1u_xplained_pro/ui.o
 .debug_frame   0x000000d4      0x380 src/ASF/common/services/usb/class/cdc/device/udi_cdc.o
 .debug_frame   0x00000454      0x120 src/ASF/common/services/usb/udc/udc.o
 .debug_frame   0x00000574       0x80 src/ASF/xmega/drivers/rtc/rtc.o
 .debug_frame   0x000005f4      0x3cc src/ASF/xmega/drivers/usb/usb_device.o
 .debug_frame   0x000009c0      0x124 src/uart_xmega.o
 .debug_frame   0x00000ae4       0xe0 src/V2X/Power Sequence/powerSeq.o
 .debug_frame   0x00000bc4      0x1b0 src/V2X/Real Time Clock/vrtc.o
 .debug_frame   0x00000d74       0xd0 src/ASF/common/components/display/ssd1306/ssd1306.o
 .debug_frame   0x00000e44       0x74 src/ASF/common/services/clock/xmega/sysclk.o
 .debug_frame   0x00000eb8       0x30 src/ASF/common/services/ioport/xmega/ioport_compat.o
 .debug_frame   0x00000ee8       0xa4 src/ASF/common/services/spi/xmega_spi/spi_master.o
 .debug_frame   0x00000f8c       0x24 src/ASF/xmega/boards/xmega_a1u_xplained_pro/board_init.o
 .debug_frame   0x00000fb0       0x4c src/ASF/xmega/drivers/spi/spi.o
 .debug_frame   0x00000ffc       0xb4 src/main.o

.debug_str      0x00000000    0x36b70
 *(.debug_str)
 .debug_str     0x00000000    0x279c9 src/ASF/common/services/sleepmgr/xmega/sleepmgr.o
                              0x28030 (size before relaxing)
 .debug_str     0x000279c9     0x816b src/ASF/common/services/usb/class/cdc/device/example/atxmega128a1u_xmega_a1u_xplained_pro/ui.o
                              0x3018b (size before relaxing)
 .debug_str     0x0002fb34      0xf30 src/ASF/common/services/usb/class/cdc/device/udi_cdc.o
                              0x2c658 (size before relaxing)
 .debug_str     0x00030a64      0x5e8 src/ASF/common/services/usb/class/cdc/device/udi_cdc_desc.o
                              0x2bce7 (size before relaxing)
 .debug_str     0x0003104c      0x743 src/ASF/common/services/usb/udc/udc.o
                              0x2adbe (size before relaxing)
 .debug_str     0x0003178f      0x30d src/ASF/xmega/drivers/rtc/rtc.o
                              0x2b140 (size before relaxing)
 .debug_str     0x00031a9c     0x3ac6 src/ASF/xmega/drivers/usb/usb_device.o
                              0x31366 (size before relaxing)
 .debug_str     0x00035562      0x380 src/uart_xmega.o
                              0x306d1 (size before relaxing)
 .debug_str     0x000358e2      0x25d src/V2X/Power Sequence/powerSeq.o
                              0x304fe (size before relaxing)
 .debug_str     0x00035b3f      0x739 src/V2X/Real Time Clock/vrtc.o
                              0x309c0 (size before relaxing)
 .debug_str     0x00036278      0x1cd src/ASF/common/components/display/ssd1306/ssd1306.o
                              0x2be37 (size before relaxing)
 .debug_str     0x00036445      0x288 src/ASF/common/services/clock/xmega/sysclk.o
                              0x2b172 (size before relaxing)
 .debug_str     0x000366cd       0x41 src/ASF/common/services/ioport/xmega/ioport_compat.o
                              0x28239 (size before relaxing)
 .debug_str     0x0003670e      0x201 src/ASF/common/services/spi/xmega_spi/spi_master.o
                              0x2b546 (size before relaxing)
 .debug_str     0x0003690f       0x47 src/ASF/xmega/boards/xmega_a1u_xplained_pro/board_init.o
                              0x2a52e (size before relaxing)
 .debug_str     0x00036956       0xba src/ASF/xmega/drivers/spi/spi.o
                              0x282b8 (size before relaxing)
 .debug_str     0x00036a10      0x160 src/main.o
                              0x30e5e (size before relaxing)

.debug_loc      0x00000000     0x40d2
 *(.debug_loc)
 .debug_loc     0x00000000       0x96 src/ASF/common/services/usb/class/cdc/device/example/atxmega128a1u_xmega_a1u_xplained_pro/ui.o
 .debug_loc     0x00000096      0xe0b src/ASF/common/services/usb/class/cdc/device/udi_cdc.o
 .debug_loc     0x00000ea1      0x4f1 src/ASF/common/services/usb/udc/udc.o
 .debug_loc     0x00001392       0x85 src/ASF/xmega/drivers/rtc/rtc.o
 .debug_loc     0x00001417      0xf97 src/ASF/xmega/drivers/usb/usb_device.o
 .debug_loc     0x000023ae      0x2e5 src/uart_xmega.o
 .debug_loc     0x00002693      0x2f7 src/V2X/Power Sequence/powerSeq.o
 .debug_loc     0x0000298a      0x778 src/V2X/Real Time Clock/vrtc.o
 .debug_loc     0x00003102      0x445 src/ASF/common/components/display/ssd1306/ssd1306.o
 .debug_loc     0x00003547      0x2b1 src/ASF/common/services/clock/xmega/sysclk.o
 .debug_loc     0x000037f8       0x66 src/ASF/common/services/ioport/xmega/ioport_compat.o
 .debug_loc     0x0000385e      0x528 src/ASF/common/services/spi/xmega_spi/spi_master.o
 .debug_loc     0x00003d86      0x105 src/ASF/xmega/drivers/spi/spi.o
 .debug_loc     0x00003e8b      0x247 src/main.o

.debug_macinfo
 *(.debug_macinfo)

.debug_weaknames
 *(.debug_weaknames)

.debug_funcnames
 *(.debug_funcnames)

.debug_typenames
 *(.debug_typenames)

.debug_varnames
 *(.debug_varnames)

.debug_pubtypes
 *(.debug_pubtypes)

.debug_ranges   0x00000000      0x680
 *(.debug_ranges)
 .debug_ranges  0x00000000       0x68 src/ASF/common/services/usb/class/cdc/device/example/atxmega128a1u_xmega_a1u_xplained_pro/ui.o
 .debug_ranges  0x00000068      0x158 src/ASF/common/services/usb/class/cdc/device/udi_cdc.o
 .debug_ranges  0x000001c0       0x60 src/ASF/common/services/usb/udc/udc.o
 .debug_ranges  0x00000220       0x38 src/ASF/xmega/drivers/rtc/rtc.o
 .debug_ranges  0x00000258      0x128 src/ASF/xmega/drivers/usb/usb_device.o
 .debug_ranges  0x00000380       0x38 src/uart_xmega.o
 .debug_ranges  0x000003b8       0x68 src/V2X/Power Sequence/powerSeq.o
 .debug_ranges  0x00000420       0x50 src/V2X/Real Time Clock/vrtc.o
 .debug_ranges  0x00000470       0x50 src/ASF/common/components/display/ssd1306/ssd1306.o
 .debug_ranges  0x000004c0       0x30 src/ASF/common/services/clock/xmega/sysclk.o
 .debug_ranges  0x000004f0       0x10 src/ASF/common/services/ioport/xmega/ioport_compat.o
 .debug_ranges  0x00000500       0x38 src/ASF/common/services/spi/xmega_spi/spi_master.o
 .debug_ranges  0x00000538       0x10 src/ASF/xmega/boards/xmega_a1u_xplained_pro/board_init.o
 .debug_ranges  0x00000548       0x20 src/ASF/xmega/drivers/nvm/nvm_asm.o
 .debug_ranges  0x00000568       0x10 src/ASF/xmega/drivers/spi/spi.o
 .debug_ranges  0x00000578      0x108 src/main.o

.debug_macro    0x00000000     0x4380
 *(.debug_macro)
 .debug_macro   0x00000000      0x1a3 src/ASF/common/services/sleepmgr/xmega/sleepmgr.o
 .debug_macro   0x000001a3       0x10 src/ASF/common/services/sleepmgr/xmega/sleepmgr.o
 .debug_macro   0x000001b3       0x5e src/ASF/common/services/sleepmgr/xmega/sleepmgr.o
 .debug_macro   0x00000211      0x3ca src/ASF/common/services/usb/class/cdc/device/example/atxmega128a1u_xmega_a1u_xplained_pro/ui.o
 .debug_macro   0x000005db       0x34 src/ASF/common/services/usb/class/cdc/device/example/atxmega128a1u_xmega_a1u_xplained_pro/ui.o
 .debug_macro   0x0000060f       0x28 src/ASF/common/services/usb/class/cdc/device/example/atxmega128a1u_xmega_a1u_xplained_pro/ui.o
 .debug_macro   0x00000637       0x23 src/ASF/common/services/usb/class/cdc/device/example/atxmega128a1u_xmega_a1u_xplained_pro/ui.o
 .debug_macro   0x0000065a       0x9a src/ASF/common/services/usb/class/cdc/device/example/atxmega128a1u_xmega_a1u_xplained_pro/ui.o
 .debug_macro   0x000006f4      0x109 src/ASF/common/services/usb/class/cdc/device/example/atxmega128a1u_xmega_a1u_xplained_pro/ui.o
 .debug_macro   0x000007fd       0x40 src/ASF/common/services/usb/class/cdc/device/example/atxmega128a1u_xmega_a1u_xplained_pro/ui.o
 .debug_macro   0x0000083d       0x26 src/ASF/common/services/usb/class/cdc/device/example/atxmega128a1u_xmega_a1u_xplained_pro/ui.o
 .debug_macro   0x00000863       0x1c src/ASF/common/services/usb/class/cdc/device/example/atxmega128a1u_xmega_a1u_xplained_pro/ui.o
 .debug_macro   0x0000087f       0x2e src/ASF/common/services/usb/class/cdc/device/example/atxmega128a1u_xmega_a1u_xplained_pro/ui.o
 .debug_macro   0x000008ad       0x10 src/ASF/common/services/usb/class/cdc/device/example/atxmega128a1u_xmega_a1u_xplained_pro/ui.o
 .debug_macro   0x000008bd       0x40 src/ASF/common/services/usb/class/cdc/device/example/atxmega128a1u_xmega_a1u_xplained_pro/ui.o
 .debug_macro   0x000008fd       0xff src/ASF/common/services/usb/class/cdc/device/example/atxmega128a1u_xmega_a1u_xplained_pro/ui.o
 .debug_macro   0x000009fc       0x3a src/ASF/common/services/usb/class/cdc/device/example/atxmega128a1u_xmega_a1u_xplained_pro/ui.o
 .debug_macro   0x00000a36      0x228 src/ASF/common/services/usb/class/cdc/device/example/atxmega128a1u_xmega_a1u_xplained_pro/ui.o
 .debug_macro   0x00000c5e       0x87 src/ASF/common/services/usb/class/cdc/device/example/atxmega128a1u_xmega_a1u_xplained_pro/ui.o
 .debug_macro   0x00000ce5       0xf0 src/ASF/common/services/usb/class/cdc/device/example/atxmega128a1u_xmega_a1u_xplained_pro/ui.o
 .debug_macro   0x00000dd5      0x244 src/ASF/common/services/usb/class/cdc/device/example/atxmega128a1u_xmega_a1u_xplained_pro/ui.o
 .debug_macro   0x00001019      0x17e src/ASF/common/services/usb/class/cdc/device/example/atxmega128a1u_xmega_a1u_xplained_pro/ui.o
 .debug_macro   0x00001197       0x16 src/ASF/common/services/usb/class/cdc/device/example/atxmega128a1u_xmega_a1u_xplained_pro/ui.o
 .debug_macro   0x000011ad       0x1c src/ASF/common/services/usb/class/cdc/device/example/atxmega128a1u_xmega_a1u_xplained_pro/ui.o
 .debug_macro   0x000011c9      0x192 src/ASF/common/services/usb/class/cdc/device/example/atxmega128a1u_xmega_a1u_xplained_pro/ui.o
 .debug_macro   0x0000135b      0x299 src/ASF/common/services/usb/class/cdc/device/udi_cdc.o
 .debug_macro   0x000015f4       0x81 src/ASF/common/services/usb/class/cdc/device/udi_cdc.o
 .debug_macro   0x00001675       0x16 src/ASF/common/services/usb/class/cdc/device/udi_cdc.o
 .debug_macro   0x0000168b      0x20a src/ASF/common/services/usb/class/cdc/device/udi_cdc_desc.o
 .debug_macro   0x00001895      0x1f6 src/ASF/common/services/usb/udc/udc.o
 .debug_macro   0x00001a8b      0x236 src/ASF/xmega/drivers/rtc/rtc.o
 .debug_macro   0x00001cc1      0x2ce src/ASF/xmega/drivers/usb/usb_device.o
 .debug_macro   0x00001f8f      0x46a src/ASF/xmega/drivers/usb/usb_device.o
 .debug_macro   0x000023f9      0x3de src/uart_xmega.o
 .debug_macro   0x000027d7      0x3d9 src/V2X/Power Sequence/powerSeq.o
 .debug_macro   0x00002bb0       0x7c src/V2X/Power Sequence/powerSeq.o
 .debug_macro   0x00002c2c      0x422 src/V2X/Real Time Clock/vrtc.o
 .debug_macro   0x0000304e      0x273 src/ASF/common/components/display/ssd1306/ssd1306.o
 .debug_macro   0x000032c1       0xf1 src/ASF/common/components/display/ssd1306/ssd1306.o
 .debug_macro   0x000033b2       0x12 src/ASF/common/components/display/ssd1306/ssd1306.o
 .debug_macro   0x000033c4      0x1ea src/ASF/common/services/clock/xmega/sysclk.o
 .debug_macro   0x000035ae      0x193 src/ASF/common/services/ioport/xmega/ioport_compat.o
 .debug_macro   0x00003741      0x234 src/ASF/common/services/spi/xmega_spi/spi_master.o
 .debug_macro   0x00003975      0x1bb src/ASF/xmega/boards/xmega_a1u_xplained_pro/board_init.o
 .debug_macro   0x00003b30      0x242 src/ASF/xmega/boards/xmega_a1u_xplained_pro/board_init.o
 .debug_macro   0x00003d72      0x1a7 src/ASF/xmega/drivers/spi/spi.o
 .debug_macro   0x00003f19      0x467 src/main.o
OUTPUT(JLR_LED.elf elf32-avr)
LOAD linker stubs

.BOOT           0x00020000        0x0
